Copyright 1986-2020 Xilinx, Inc. All Rights Reserved.
----------------------------------------------------------------------------------------------------------------------------------------------------------------------------------------------------------------------------
| Tool Version : Vivado v.2020.1 (lin64) Build 2902540 Wed May 27 19:54:35 MDT 2020
| Date         : Fri Sep  4 09:22:01 2026
| Host         : donglong-P7xxTM-1 running 64-bit Ubuntu 22.04.5 LTS
| Command      : report_utilization -hierarchical -hierarchical_depth 8 -file /home/donglong/Documents/Duy_prj/KECCAK_OPTIMIZE_POWER/OPTIMIZE_POWER/kyber_puf_fpga_delivery/reports/post_synth_hierarchical_utilization.rpt
| Design       : Kyber_System_Top
| Device       : 7z020clg400-2
| Design State : Synthesized
----------------------------------------------------------------------------------------------------------------------------------------------------------------------------------------------------------------------------

Utilization Design Information

Table of Contents
-----------------
1. Utilization by Hierarchy

1. Utilization by Hierarchy
---------------------------

+----------------------------------------------+------------------------------------------------------+------------+------------+---------+------+-------+--------+--------+------------+
|                   Instance                   |                        Module                        | Total LUTs | Logic LUTs | LUTRAMs | SRLs |  FFs  | RAMB36 | RAMB18 | DSP Blocks |
+----------------------------------------------+------------------------------------------------------+------------+------------+---------+------+-------+--------+--------+------------+
| Kyber_System_Top                             |                                                (top) |      50406 |      49873 |      56 |  477 | 30649 |     10 |     30 |          4 |
|   (Kyber_System_Top)                         |                                                (top) |         20 |         20 |       0 |    0 |    17 |      0 |      0 |          0 |
|   u_fe                                       |                                      fuzzy_extractor |       3854 |       3853 |       0 |    1 |  3560 |      0 |      0 |          0 |
|     (u_fe)                                   |                                      fuzzy_extractor |       1240 |       1240 |       0 |    0 |  1989 |      0 |      0 |          0 |
|     u_decode                                 |                                       xilinx_decoder |       2399 |       2398 |       0 |    1 |  1447 |      0 |      0 |          0 |
|       (u_decode)                             |                                       xilinx_decoder |          9 |          9 |       0 |    0 |     0 |      0 |      0 |          0 |
|       u_bch_syndrome                         |                                         bch_syndrome |        493 |        493 |       0 |    0 |   371 |      0 |      0 |          0 |
|         (u_bch_syndrome)                     |                                         bch_syndrome |          2 |          2 |       0 |    0 |     2 |      0 |      0 |          0 |
|         COUNTER.u_counter                    |                                     lfsr_counter_185 |          4 |          4 |       0 |    0 |     9 |      0 |      0 |          0 |
|         SYNDROMES[0].METHOD2.u_syn2a         |                                        dsynN_method2 |         40 |         40 |       0 |    0 |     9 |      0 |      0 |          0 |
|         SYNDROMES[1].METHOD2.u_syn2a         |                        dsynN_method2__parameterized0 |         33 |         33 |       0 |    0 |     9 |      0 |      0 |          0 |
|           (SYNDROMES[1].METHOD2.u_syn2a)     |                        dsynN_method2__parameterized0 |         31 |         31 |       0 |    0 |     9 |      0 |      0 |          0 |
|           u_lfsr_term                        |                            lfsr_term__parameterized1 |          2 |          2 |       0 |    0 |     0 |      0 |      0 |          0 |
|         SYNDROMES[2].METHOD2.u_syn2a         |                        dsynN_method2__parameterized1 |         28 |         28 |       0 |    0 |     9 |      0 |      0 |          0 |
|           (SYNDROMES[2].METHOD2.u_syn2a)     |                        dsynN_method2__parameterized1 |         26 |         26 |       0 |    0 |     9 |      0 |      0 |          0 |
|           u_lfsr_term                        |                            lfsr_term__parameterized2 |          2 |          2 |       0 |    0 |     0 |      0 |      0 |          0 |
|         SYNDROMES[3].METHOD2.u_syn2a         |                        dsynN_method2__parameterized2 |         28 |         28 |       0 |    0 |     9 |      0 |      0 |          0 |
|           (SYNDROMES[3].METHOD2.u_syn2a)     |                        dsynN_method2__parameterized2 |         27 |         27 |       0 |    0 |     9 |      0 |      0 |          0 |
|           u_lfsr_term                        |                            lfsr_term__parameterized3 |          1 |          1 |       0 |    0 |     0 |      0 |      0 |          0 |
|         SYNDROMES[4].METHOD1.u_syn1a         |                                        dsynN_method1 |         90 |         90 |       0 |    0 |    81 |      0 |      0 |          0 |
|           (SYNDROMES[4].METHOD1.u_syn1a)     |                                        dsynN_method1 |         81 |         81 |       0 |    0 |    81 |      0 |      0 |          0 |
|           u_adder                            |            finite_parallel_adder__parameterized1_188 |          9 |          9 |       0 |    0 |     0 |      0 |      0 |          0 |
|         SYNDROMES[5].METHOD1.u_syn1a         |                        dsynN_method1__parameterized0 |         66 |         66 |       0 |    0 |    81 |      0 |      0 |          0 |
|           (SYNDROMES[5].METHOD1.u_syn1a)     |                        dsynN_method1__parameterized0 |         57 |         57 |       0 |    0 |    81 |      0 |      0 |          0 |
|           u_adder                            |            finite_parallel_adder__parameterized1_187 |          9 |          9 |       0 |    0 |     0 |      0 |      0 |          0 |
|         SYNDROMES[6].METHOD1.u_syn1a         |                        dsynN_method1__parameterized1 |         98 |         98 |       0 |    0 |    81 |      0 |      0 |          0 |
|           (SYNDROMES[6].METHOD1.u_syn1a)     |                        dsynN_method1__parameterized1 |         89 |         89 |       0 |    0 |    81 |      0 |      0 |          0 |
|           u_adder                            |            finite_parallel_adder__parameterized1_186 |          9 |          9 |       0 |    0 |     0 |      0 |      0 |          0 |
|         SYNDROMES[7].METHOD1.u_syn1a         |                        dsynN_method1__parameterized2 |        104 |        104 |       0 |    0 |    81 |      0 |      0 |          0 |
|           (SYNDROMES[7].METHOD1.u_syn1a)     |                        dsynN_method1__parameterized2 |         95 |         95 |       0 |    0 |    81 |      0 |      0 |          0 |
|           u_adder                            |                finite_parallel_adder__parameterized1 |          9 |          9 |       0 |    0 |     0 |      0 |      0 |          0 |
|       u_bma                                  |                                 bch_sigma_bma_serial |        341 |        341 |       0 |    0 |   410 |      0 |      0 |          0 |
|         (u_bma)                              |                                 bch_sigma_bma_serial |        147 |        147 |       0 |    0 |   133 |      0 |      0 |          0 |
|         msm_serial_standard_multiplier       |                           serial_standard_multiplier |         16 |         16 |       0 |    0 |     9 |      0 |      0 |          0 |
|           (msm_serial_standard_multiplier)   |                           serial_standard_multiplier |          7 |          7 |       0 |    0 |     9 |      0 |      0 |          0 |
|           u_adder                            |                finite_parallel_adder__parameterized3 |          9 |          9 |       0 |    0 |     0 |      0 |      0 |          0 |
|         u_bch_n_counter                      |                                              counter |         16 |         16 |       0 |    0 |     4 |      0 |      0 |          0 |
|         u_bch_syndrome_shuffle               |                                 bch_syndrome_shuffle |          0 |          0 |       0 |    0 |   135 |      0 |      0 |          0 |
|         u_cN[0]                              |                                  finite_serial_adder |          6 |          6 |       0 |    0 |     9 |      0 |      0 |          0 |
|         u_cN[1]                              |                              finite_serial_adder_177 |          5 |          5 |       0 |    0 |     9 |      0 |      0 |          0 |
|         u_cN[2]                              |                              finite_serial_adder_178 |          9 |          9 |       0 |    0 |     9 |      0 |      0 |          0 |
|         u_cN[3]                              |                              finite_serial_adder_179 |          5 |          5 |       0 |    0 |     9 |      0 |      0 |          0 |
|         u_cN[4]                              |                              finite_serial_adder_180 |          5 |          5 |       0 |    0 |     9 |      0 |      0 |          0 |
|         u_cN[5]                              |                              finite_serial_adder_181 |          5 |          5 |       0 |    0 |     9 |      0 |      0 |          0 |
|         u_cN[6]                              |                              finite_serial_adder_182 |          5 |          5 |       0 |    0 |     9 |      0 |      0 |          0 |
|         u_cN[7]                              |                              finite_serial_adder_183 |          5 |          5 |       0 |    0 |     9 |      0 |      0 |          0 |
|         u_cN[8]                              |                              finite_serial_adder_184 |          6 |          6 |       0 |    0 |     9 |      0 |      0 |          0 |
|         u_counter                            |                              counter__parameterized0 |          3 |          3 |       0 |    0 |     3 |      0 |      0 |          0 |
|         u_dinv                               |                                       finite_divider |         66 |         66 |       0 |    0 |    23 |      0 |      0 |          0 |
|           (u_dinv)                           |                                       finite_divider |         64 |         64 |       0 |    0 |    19 |      0 |      0 |          0 |
|           u_counter                          |                         lfsr_counter__parameterized0 |          2 |          2 |       0 |    0 |     4 |      0 |      0 |          0 |
|         u_serial_mixed_multiplier            |                          serial_mixed_multiplier_dss |         42 |         42 |       0 |    0 |    22 |      0 |      0 |          0 |
|           (u_serial_mixed_multiplier)        |                          serial_mixed_multiplier_dss |         40 |         40 |       0 |    0 |    19 |      0 |      0 |          0 |
|           u_counter                          |                         lfsr_counter__parameterized1 |          2 |          2 |       0 |    0 |     3 |      0 |      0 |          0 |
|       u_error_tmec                           |                                       bch_error_tmec |       1290 |       1289 |       0 |    1 |   648 |      0 |      0 |          0 |
|         u_chien                              |                                            bch_chien |       1274 |       1273 |       0 |    1 |   648 |      0 |      0 |          0 |
|           BIT[0].REG[0].ORIG.u_chien_reg     |                                        bch_chien_reg |         10 |         10 |       0 |    0 |     9 |      0 |      0 |          0 |
|           BIT[0].REG[1].ORIG.u_chien_reg     |                        bch_chien_reg__parameterized0 |         16 |         16 |       0 |    0 |     9 |      0 |      0 |          0 |
|           BIT[0].REG[2].ORIG.u_chien_reg     |                        bch_chien_reg__parameterized1 |         20 |         20 |       0 |    0 |     9 |      0 |      0 |          0 |
|           BIT[0].REG[3].ORIG.u_chien_reg     |                        bch_chien_reg__parameterized2 |         15 |         15 |       0 |    0 |     9 |      0 |      0 |          0 |
|           BIT[0].REG[4].ORIG.u_chien_reg     |                        bch_chien_reg__parameterized3 |         19 |         19 |       0 |    0 |     9 |      0 |      0 |          0 |
|           BIT[0].REG[5].ORIG.u_chien_reg     |                        bch_chien_reg__parameterized4 |         10 |         10 |       0 |    0 |     9 |      0 |      0 |          0 |
|           BIT[0].REG[6].ORIG.u_chien_reg     |                        bch_chien_reg__parameterized5 |         13 |         13 |       0 |    0 |     9 |      0 |      0 |          0 |
|           BIT[0].REG[7].ORIG.u_chien_reg     |                        bch_chien_reg__parameterized6 |         22 |         22 |       0 |    0 |     9 |      0 |      0 |          0 |
|             (BIT[0].REG[7].ORIG.u_chien_reg) |                        bch_chien_reg__parameterized6 |         13 |         13 |       0 |    0 |     9 |      0 |      0 |          0 |
|             u_mult_start                     |  parallel_standard_multiplier_const2__parameterized6 |          9 |          9 |       0 |    0 |     0 |      0 |      0 |          0 |
|           BIT[0].REG[8].ORIG.u_chien_reg     |                        bch_chien_reg__parameterized7 |         27 |         27 |       0 |    0 |     9 |      0 |      0 |          0 |
|           BIT[1].REG[0].ORIG.u_chien_reg     |                        bch_chien_reg__parameterized8 |         15 |         15 |       0 |    0 |     9 |      0 |      0 |          0 |
|           BIT[1].REG[1].ORIG.u_chien_reg     |                        bch_chien_reg__parameterized9 |         13 |         13 |       0 |    0 |     9 |      0 |      0 |          0 |
|           BIT[1].REG[2].ORIG.u_chien_reg     |                       bch_chien_reg__parameterized10 |         21 |         21 |       0 |    0 |     9 |      0 |      0 |          0 |
|           BIT[1].REG[3].ORIG.u_chien_reg     |                       bch_chien_reg__parameterized11 |         17 |         17 |       0 |    0 |     9 |      0 |      0 |          0 |
|             (BIT[1].REG[3].ORIG.u_chien_reg) |                       bch_chien_reg__parameterized11 |         10 |         10 |       0 |    0 |     9 |      0 |      0 |          0 |
|             u_mult_start                     | parallel_standard_multiplier_const2__parameterized11 |          7 |          7 |       0 |    0 |     0 |      0 |      0 |          0 |
|           BIT[1].REG[4].ORIG.u_chien_reg     |                       bch_chien_reg__parameterized12 |         18 |         18 |       0 |    0 |     9 |      0 |      0 |          0 |
|           BIT[1].REG[5].ORIG.u_chien_reg     |                       bch_chien_reg__parameterized13 |         14 |         14 |       0 |    0 |     9 |      0 |      0 |          0 |
|           BIT[1].REG[6].ORIG.u_chien_reg     |                       bch_chien_reg__parameterized14 |         16 |         16 |       0 |    0 |     9 |      0 |      0 |          0 |
|           BIT[1].REG[7].ORIG.u_chien_reg     |                       bch_chien_reg__parameterized15 |         15 |         15 |       0 |    0 |     9 |      0 |      0 |          0 |
|           BIT[1].REG[8].ORIG.u_chien_reg     |                       bch_chien_reg__parameterized16 |         26 |         26 |       0 |    0 |     9 |      0 |      0 |          0 |
|           BIT[2].REG[0].ORIG.u_chien_reg     |                       bch_chien_reg__parameterized17 |         11 |         11 |       0 |    0 |     9 |      0 |      0 |          0 |
|           BIT[2].REG[1].ORIG.u_chien_reg     |                       bch_chien_reg__parameterized18 |         17 |         17 |       0 |    0 |     9 |      0 |      0 |          0 |
|           BIT[2].REG[2].ORIG.u_chien_reg     |                       bch_chien_reg__parameterized19 |         23 |         23 |       0 |    0 |     9 |      0 |      0 |          0 |
|           BIT[2].REG[3].ORIG.u_chien_reg     |                       bch_chien_reg__parameterized20 |         12 |         12 |       0 |    0 |     9 |      0 |      0 |          0 |
|             (BIT[2].REG[3].ORIG.u_chien_reg) |                       bch_chien_reg__parameterized20 |          9 |          9 |       0 |    0 |     9 |      0 |      0 |          0 |
|             u_mult_start                     | parallel_standard_multiplier_const2__parameterized20 |          3 |          3 |       0 |    0 |     0 |      0 |      0 |          0 |
|           BIT[2].REG[4].ORIG.u_chien_reg     |                       bch_chien_reg__parameterized21 |         20 |         20 |       0 |    0 |     9 |      0 |      0 |          0 |
|           BIT[2].REG[5].ORIG.u_chien_reg     |                       bch_chien_reg__parameterized22 |         17 |         17 |       0 |    0 |     9 |      0 |      0 |          0 |
|           BIT[2].REG[6].ORIG.u_chien_reg     |                       bch_chien_reg__parameterized23 |         20 |         20 |       0 |    0 |     9 |      0 |      0 |          0 |
|           BIT[2].REG[7].ORIG.u_chien_reg     |                       bch_chien_reg__parameterized24 |         18 |         18 |       0 |    0 |     9 |      0 |      0 |          0 |
|           BIT[2].REG[8].ORIG.u_chien_reg     |                       bch_chien_reg__parameterized25 |         23 |         23 |       0 |    0 |     9 |      0 |      0 |          0 |
|           BIT[3].REG[0].ORIG.u_chien_reg     |                       bch_chien_reg__parameterized26 |         13 |         13 |       0 |    0 |     9 |      0 |      0 |          0 |
|           BIT[3].REG[1].ORIG.u_chien_reg     |                       bch_chien_reg__parameterized27 |         16 |         16 |       0 |    0 |     9 |      0 |      0 |          0 |
|             (BIT[3].REG[1].ORIG.u_chien_reg) |                       bch_chien_reg__parameterized27 |          9 |          9 |       0 |    0 |     9 |      0 |      0 |          0 |
|             u_mult_start                     | parallel_standard_multiplier_const2__parameterized27 |          7 |          7 |       0 |    0 |     0 |      0 |      0 |          0 |
|           BIT[3].REG[2].ORIG.u_chien_reg     |                       bch_chien_reg__parameterized28 |         22 |         22 |       0 |    0 |     9 |      0 |      0 |          0 |
|           BIT[3].REG[3].ORIG.u_chien_reg     |                       bch_chien_reg__parameterized29 |         15 |         15 |       0 |    0 |     9 |      0 |      0 |          0 |
|           BIT[3].REG[4].ORIG.u_chien_reg     |                       bch_chien_reg__parameterized30 |         18 |         18 |       0 |    0 |     9 |      0 |      0 |          0 |
|           BIT[3].REG[5].ORIG.u_chien_reg     |                       bch_chien_reg__parameterized31 |         16 |         16 |       0 |    0 |     9 |      0 |      0 |          0 |
|           BIT[3].REG[6].ORIG.u_chien_reg     |                       bch_chien_reg__parameterized32 |         17 |         17 |       0 |    0 |     9 |      0 |      0 |          0 |
|           BIT[3].REG[7].ORIG.u_chien_reg     |                       bch_chien_reg__parameterized33 |         15 |         15 |       0 |    0 |     9 |      0 |      0 |          0 |
|           BIT[3].REG[8].ORIG.u_chien_reg     |                       bch_chien_reg__parameterized34 |         20 |         20 |       0 |    0 |     9 |      0 |      0 |          0 |
|           BIT[4].REG[0].ORIG.u_chien_reg     |                       bch_chien_reg__parameterized35 |         14 |         14 |       0 |    0 |     9 |      0 |      0 |          0 |
|             (BIT[4].REG[0].ORIG.u_chien_reg) |                       bch_chien_reg__parameterized35 |          8 |          8 |       0 |    0 |     9 |      0 |      0 |          0 |
|             u_mult_start                     | parallel_standard_multiplier_const2__parameterized35 |          6 |          6 |       0 |    0 |     0 |      0 |      0 |          0 |
|           BIT[4].REG[1].ORIG.u_chien_reg     |                       bch_chien_reg__parameterized36 |         16 |         16 |       0 |    0 |     9 |      0 |      0 |          0 |
|           BIT[4].REG[2].ORIG.u_chien_reg     |                       bch_chien_reg__parameterized37 |         28 |         28 |       0 |    0 |     9 |      0 |      0 |          0 |
|           BIT[4].REG[3].ORIG.u_chien_reg     |                       bch_chien_reg__parameterized38 |         13 |         13 |       0 |    0 |     9 |      0 |      0 |          0 |
|           BIT[4].REG[4].ORIG.u_chien_reg     |                       bch_chien_reg__parameterized39 |         18 |         18 |       0 |    0 |     9 |      0 |      0 |          0 |
|           BIT[4].REG[5].ORIG.u_chien_reg     |                       bch_chien_reg__parameterized40 |         16 |         16 |       0 |    0 |     9 |      0 |      0 |          0 |
|           BIT[4].REG[6].ORIG.u_chien_reg     |                       bch_chien_reg__parameterized41 |         17 |         17 |       0 |    0 |     9 |      0 |      0 |          0 |
|           BIT[4].REG[7].ORIG.u_chien_reg     |                       bch_chien_reg__parameterized42 |         11 |         11 |       0 |    0 |     9 |      0 |      0 |          0 |
|           BIT[4].REG[8].ORIG.u_chien_reg     |                       bch_chien_reg__parameterized43 |         25 |         25 |       0 |    0 |     9 |      0 |      0 |          0 |
|           BIT[5].REG[0].ORIG.u_chien_reg     |                       bch_chien_reg__parameterized44 |         14 |         14 |       0 |    0 |     9 |      0 |      0 |          0 |
|             (BIT[5].REG[0].ORIG.u_chien_reg) |                       bch_chien_reg__parameterized44 |          9 |          9 |       0 |    0 |     9 |      0 |      0 |          0 |
|             u_mult_start                     | parallel_standard_multiplier_const2__parameterized44 |          5 |          5 |       0 |    0 |     0 |      0 |      0 |          0 |
|           BIT[5].REG[1].ORIG.u_chien_reg     |                       bch_chien_reg__parameterized45 |         17 |         17 |       0 |    0 |     9 |      0 |      0 |          0 |
|             (BIT[5].REG[1].ORIG.u_chien_reg) |                       bch_chien_reg__parameterized45 |         10 |         10 |       0 |    0 |     9 |      0 |      0 |          0 |
|             u_mult_start                     | parallel_standard_multiplier_const2__parameterized45 |          7 |          7 |       0 |    0 |     0 |      0 |      0 |          0 |
|           BIT[5].REG[2].ORIG.u_chien_reg     |                       bch_chien_reg__parameterized46 |         25 |         25 |       0 |    0 |     9 |      0 |      0 |          0 |
|           BIT[5].REG[3].ORIG.u_chien_reg     |                       bch_chien_reg__parameterized47 |         12 |         12 |       0 |    0 |     9 |      0 |      0 |          0 |
|           BIT[5].REG[4].ORIG.u_chien_reg     |                       bch_chien_reg__parameterized48 |         20 |         20 |       0 |    0 |     9 |      0 |      0 |          0 |
|           BIT[5].REG[5].ORIG.u_chien_reg     |                       bch_chien_reg__parameterized49 |         15 |         15 |       0 |    0 |     9 |      0 |      0 |          0 |
|           BIT[5].REG[6].ORIG.u_chien_reg     |                       bch_chien_reg__parameterized50 |         17 |         17 |       0 |    0 |     9 |      0 |      0 |          0 |
|           BIT[5].REG[7].ORIG.u_chien_reg     |                       bch_chien_reg__parameterized51 |         11 |         11 |       0 |    0 |     9 |      0 |      0 |          0 |
|           BIT[5].REG[8].ORIG.u_chien_reg     |                       bch_chien_reg__parameterized52 |         29 |         29 |       0 |    0 |     9 |      0 |      0 |          0 |
|           BIT[6].REG[0].ORIG.u_chien_reg     |                       bch_chien_reg__parameterized53 |         17 |         17 |       0 |    0 |     9 |      0 |      0 |          0 |
|             (BIT[6].REG[0].ORIG.u_chien_reg) |                       bch_chien_reg__parameterized53 |          8 |          8 |       0 |    0 |     9 |      0 |      0 |          0 |
|             u_mult_start                     | parallel_standard_multiplier_const2__parameterized52 |          9 |          9 |       0 |    0 |     0 |      0 |      0 |          0 |
|           BIT[6].REG[1].ORIG.u_chien_reg     |                       bch_chien_reg__parameterized54 |         15 |         15 |       0 |    0 |     9 |      0 |      0 |          0 |
|           BIT[6].REG[2].ORIG.u_chien_reg     |                       bch_chien_reg__parameterized55 |         29 |         29 |       0 |    0 |     9 |      0 |      0 |          0 |
|           BIT[6].REG[3].ORIG.u_chien_reg     |                       bch_chien_reg__parameterized56 |         12 |         12 |       0 |    0 |     9 |      0 |      0 |          0 |
|           BIT[6].REG[4].ORIG.u_chien_reg     |                       bch_chien_reg__parameterized57 |         19 |         19 |       0 |    0 |     9 |      0 |      0 |          0 |
|           BIT[6].REG[5].ORIG.u_chien_reg     |                       bch_chien_reg__parameterized58 |         20 |         20 |       0 |    0 |     9 |      0 |      0 |          0 |
|           BIT[6].REG[6].ORIG.u_chien_reg     |                       bch_chien_reg__parameterized59 |         19 |         19 |       0 |    0 |     9 |      0 |      0 |          0 |
|           BIT[6].REG[7].ORIG.u_chien_reg     |                       bch_chien_reg__parameterized60 |         16 |         16 |       0 |    0 |     9 |      0 |      0 |          0 |
|           BIT[6].REG[8].ORIG.u_chien_reg     |                       bch_chien_reg__parameterized61 |         24 |         24 |       0 |    0 |     9 |      0 |      0 |          0 |
|           BIT[7].REG[0].ORIG.u_chien_reg     |                       bch_chien_reg__parameterized62 |         17 |         17 |       0 |    0 |     9 |      0 |      0 |          0 |
|             (BIT[7].REG[0].ORIG.u_chien_reg) |                       bch_chien_reg__parameterized62 |          9 |          9 |       0 |    0 |     9 |      0 |      0 |          0 |
|             u_mult_start                     | parallel_standard_multiplier_const2__parameterized61 |          8 |          8 |       0 |    0 |     0 |      0 |      0 |          0 |
|           BIT[7].REG[1].ORIG.u_chien_reg     |                       bch_chien_reg__parameterized63 |         14 |         14 |       0 |    0 |     9 |      0 |      0 |          0 |
|           BIT[7].REG[2].ORIG.u_chien_reg     |                       bch_chien_reg__parameterized64 |         28 |         28 |       0 |    0 |     9 |      0 |      0 |          0 |
|           BIT[7].REG[3].ORIG.u_chien_reg     |                       bch_chien_reg__parameterized65 |         16 |         16 |       0 |    0 |     9 |      0 |      0 |          0 |
|           BIT[7].REG[4].ORIG.u_chien_reg     |                       bch_chien_reg__parameterized66 |         13 |         13 |       0 |    0 |     9 |      0 |      0 |          0 |
|           BIT[7].REG[5].ORIG.u_chien_reg     |                       bch_chien_reg__parameterized67 |         17 |         17 |       0 |    0 |     9 |      0 |      0 |          0 |
|           BIT[7].REG[6].ORIG.u_chien_reg     |                       bch_chien_reg__parameterized68 |         19 |         19 |       0 |    0 |     9 |      0 |      0 |          0 |
|           BIT[7].REG[7].ORIG.u_chien_reg     |                       bch_chien_reg__parameterized69 |         13 |         13 |       0 |    0 |     9 |      0 |      0 |          0 |
|           BIT[7].REG[8].ORIG.u_chien_reg     |                       bch_chien_reg__parameterized70 |         27 |         27 |       0 |    0 |     9 |      0 |      0 |          0 |
|           u_first_pipeline                   |                                         pipeline_175 |          1 |          0 |       0 |    1 |     0 |      0 |      0 |          0 |
|             u_ce                             |                                pipeline_ce_reset_176 |          1 |          0 |       0 |    1 |     0 |      0 |      0 |          0 |
|         u_zero[0]                            |                                             zero_cla |          2 |          2 |       0 |    0 |     0 |      0 |      0 |          0 |
|           u_cla                              |                                           eq_cla_172 |          2 |          2 |       0 |    0 |     0 |      0 |      0 |          0 |
|             u_cla                            |                                      compare_cla_173 |          2 |          2 |       0 |    0 |     0 |      0 |      0 |          0 |
|               u_xilinx                       |                               compare_cla_xilinx_174 |          2 |          2 |       0 |    0 |     0 |      0 |      0 |          0 |
|         u_zero[1]                            |                                         zero_cla_147 |          2 |          2 |       0 |    0 |     0 |      0 |      0 |          0 |
|           u_cla                              |                                           eq_cla_169 |          2 |          2 |       0 |    0 |     0 |      0 |      0 |          0 |
|             u_cla                            |                                      compare_cla_170 |          2 |          2 |       0 |    0 |     0 |      0 |      0 |          0 |
|               u_xilinx                       |                               compare_cla_xilinx_171 |          2 |          2 |       0 |    0 |     0 |      0 |      0 |          0 |
|         u_zero[2]                            |                                         zero_cla_148 |          2 |          2 |       0 |    0 |     0 |      0 |      0 |          0 |
|           u_cla                              |                                           eq_cla_166 |          2 |          2 |       0 |    0 |     0 |      0 |      0 |          0 |
|             u_cla                            |                                      compare_cla_167 |          2 |          2 |       0 |    0 |     0 |      0 |      0 |          0 |
|               u_xilinx                       |                               compare_cla_xilinx_168 |          2 |          2 |       0 |    0 |     0 |      0 |      0 |          0 |
|         u_zero[3]                            |                                         zero_cla_149 |          2 |          2 |       0 |    0 |     0 |      0 |      0 |          0 |
|           u_cla                              |                                           eq_cla_163 |          2 |          2 |       0 |    0 |     0 |      0 |      0 |          0 |
|             u_cla                            |                                      compare_cla_164 |          2 |          2 |       0 |    0 |     0 |      0 |      0 |          0 |
|               u_xilinx                       |                               compare_cla_xilinx_165 |          2 |          2 |       0 |    0 |     0 |      0 |      0 |          0 |
|         u_zero[4]                            |                                         zero_cla_150 |          2 |          2 |       0 |    0 |     0 |      0 |      0 |          0 |
|           u_cla                              |                                           eq_cla_160 |          2 |          2 |       0 |    0 |     0 |      0 |      0 |          0 |
|             u_cla                            |                                      compare_cla_161 |          2 |          2 |       0 |    0 |     0 |      0 |      0 |          0 |
|               u_xilinx                       |                               compare_cla_xilinx_162 |          2 |          2 |       0 |    0 |     0 |      0 |      0 |          0 |
|         u_zero[5]                            |                                         zero_cla_151 |          2 |          2 |       0 |    0 |     0 |      0 |      0 |          0 |
|           u_cla                              |                                           eq_cla_157 |          2 |          2 |       0 |    0 |     0 |      0 |      0 |          0 |
|             u_cla                            |                                      compare_cla_158 |          2 |          2 |       0 |    0 |     0 |      0 |      0 |          0 |
|               u_xilinx                       |                               compare_cla_xilinx_159 |          2 |          2 |       0 |    0 |     0 |      0 |      0 |          0 |
|         u_zero[6]                            |                                         zero_cla_152 |          2 |          2 |       0 |    0 |     0 |      0 |      0 |          0 |
|           u_cla                              |                                           eq_cla_154 |          2 |          2 |       0 |    0 |     0 |      0 |      0 |          0 |
|             u_cla                            |                                      compare_cla_155 |          2 |          2 |       0 |    0 |     0 |      0 |      0 |          0 |
|               u_xilinx                       |                               compare_cla_xilinx_156 |          2 |          2 |       0 |    0 |     0 |      0 |      0 |          0 |
|         u_zero[7]                            |                                         zero_cla_153 |          2 |          2 |       0 |    0 |     0 |      0 |      0 |          0 |
|           u_cla                              |                                               eq_cla |          2 |          2 |       0 |    0 |     0 |      0 |      0 |          0 |
|             u_cla                            |                                          compare_cla |          2 |          2 |       0 |    0 |     0 |      0 |      0 |          0 |
|               u_xilinx                       |                                   compare_cla_xilinx |          2 |          2 |       0 |    0 |     0 |      0 |      0 |          0 |
|       u_pipeline[0]                          |                             pipeline__parameterized0 |          0 |          0 |       0 |    0 |     1 |      0 |      0 |          0 |
|         u_ce                                 |                pipeline_ce_reset__parameterized2_146 |          0 |          0 |       0 |    0 |     1 |      0 |      0 |          0 |
|       u_pipeline[10]                         |                         pipeline__parameterized0_113 |         30 |         30 |       0 |    0 |     1 |      0 |      0 |          0 |
|         u_ce                                 |                pipeline_ce_reset__parameterized2_145 |         30 |         30 |       0 |    0 |     1 |      0 |      0 |          0 |
|       u_pipeline[11]                         |                         pipeline__parameterized0_114 |         32 |         32 |       0 |    0 |     1 |      0 |      0 |          0 |
|         u_ce                                 |                pipeline_ce_reset__parameterized2_144 |         32 |         32 |       0 |    0 |     1 |      0 |      0 |          0 |
|       u_pipeline[12]                         |                         pipeline__parameterized0_115 |         30 |         30 |       0 |    0 |     1 |      0 |      0 |          0 |
|         u_ce                                 |                pipeline_ce_reset__parameterized2_143 |         30 |         30 |       0 |    0 |     1 |      0 |      0 |          0 |
|       u_pipeline[13]                         |                         pipeline__parameterized0_116 |         45 |         45 |       0 |    0 |     1 |      0 |      0 |          0 |
|         u_ce                                 |                pipeline_ce_reset__parameterized2_142 |         45 |         45 |       0 |    0 |     1 |      0 |      0 |          0 |
|       u_pipeline[14]                         |                         pipeline__parameterized0_117 |         29 |         29 |       0 |    0 |     1 |      0 |      0 |          0 |
|         u_ce                                 |                pipeline_ce_reset__parameterized2_141 |         29 |         29 |       0 |    0 |     1 |      0 |      0 |          0 |
|       u_pipeline[15]                         |                         pipeline__parameterized0_118 |         29 |         29 |       0 |    0 |     1 |      0 |      0 |          0 |
|         u_ce                                 |                pipeline_ce_reset__parameterized2_140 |         29 |         29 |       0 |    0 |     1 |      0 |      0 |          0 |
|       u_pipeline[16]                         |                         pipeline__parameterized0_119 |         29 |         29 |       0 |    0 |     1 |      0 |      0 |          0 |
|         u_ce                                 |                pipeline_ce_reset__parameterized2_139 |         29 |         29 |       0 |    0 |     1 |      0 |      0 |          0 |
|       u_pipeline[17]                         |                         pipeline__parameterized0_120 |         26 |         26 |       0 |    0 |     1 |      0 |      0 |          0 |
|         u_ce                                 |                pipeline_ce_reset__parameterized2_138 |         26 |         26 |       0 |    0 |     1 |      0 |      0 |          0 |
|       u_pipeline[1]                          |                         pipeline__parameterized0_121 |          0 |          0 |       0 |    0 |     1 |      0 |      0 |          0 |
|         u_ce                                 |                pipeline_ce_reset__parameterized2_137 |          0 |          0 |       0 |    0 |     1 |      0 |      0 |          0 |
|       u_pipeline[2]                          |                         pipeline__parameterized0_122 |          0 |          0 |       0 |    0 |     1 |      0 |      0 |          0 |
|         u_ce                                 |                pipeline_ce_reset__parameterized2_136 |          0 |          0 |       0 |    0 |     1 |      0 |      0 |          0 |
|       u_pipeline[3]                          |                         pipeline__parameterized0_123 |          0 |          0 |       0 |    0 |     1 |      0 |      0 |          0 |
|         u_ce                                 |                pipeline_ce_reset__parameterized2_135 |          0 |          0 |       0 |    0 |     1 |      0 |      0 |          0 |
|       u_pipeline[4]                          |                         pipeline__parameterized0_124 |          0 |          0 |       0 |    0 |     1 |      0 |      0 |          0 |
|         u_ce                                 |                pipeline_ce_reset__parameterized2_134 |          0 |          0 |       0 |    0 |     1 |      0 |      0 |          0 |
|       u_pipeline[5]                          |                         pipeline__parameterized0_125 |          0 |          0 |       0 |    0 |     1 |      0 |      0 |          0 |
|         u_ce                                 |                pipeline_ce_reset__parameterized2_133 |          0 |          0 |       0 |    0 |     1 |      0 |      0 |          0 |
|       u_pipeline[6]                          |                         pipeline__parameterized0_126 |          0 |          0 |       0 |    0 |     1 |      0 |      0 |          0 |
|         u_ce                                 |                pipeline_ce_reset__parameterized2_132 |          0 |          0 |       0 |    0 |     1 |      0 |      0 |          0 |
|       u_pipeline[7]                          |                         pipeline__parameterized0_127 |          0 |          0 |       0 |    0 |     1 |      0 |      0 |          0 |
|         u_ce                                 |                pipeline_ce_reset__parameterized2_131 |          0 |          0 |       0 |    0 |     1 |      0 |      0 |          0 |
|       u_pipeline[8]                          |                         pipeline__parameterized0_128 |          3 |          3 |       0 |    0 |     1 |      0 |      0 |          0 |
|         u_ce                                 |                pipeline_ce_reset__parameterized2_130 |          3 |          3 |       0 |    0 |     1 |      0 |      0 |          0 |
|       u_pipeline[9]                          |                         pipeline__parameterized0_129 |         13 |         13 |       0 |    0 |     1 |      0 |      0 |          0 |
|         u_ce                                 |                    pipeline_ce_reset__parameterized2 |         13 |         13 |       0 |    0 |     1 |      0 |      0 |          0 |
|     u_encode                                 |                                        xilinx_encode |        215 |        215 |       0 |    0 |   124 |      0 |      0 |          0 |
|       u_encode                               |                                           bch_encode |        141 |        141 |       0 |    0 |    84 |      0 |      0 |          0 |
|         (u_encode)                           |                                           bch_encode |         76 |         76 |       0 |    0 |    75 |      0 |      0 |          0 |
|         u_counter                            |                                         lfsr_counter |          6 |          6 |       0 |    0 |     9 |      0 |      0 |          0 |
|         u_in_terms                           |                                            lfsr_term |         28 |         28 |       0 |    0 |     0 |      0 |      0 |          0 |
|         u_lfsr_terms                         |                                        lfsr_term_112 |         31 |         31 |       0 |    0 |     0 |      0 |      0 |          0 |
|       u_input[0]                             |                                             pipeline |          2 |          2 |       0 |    0 |     2 |      0 |      0 |          0 |
|         u_ce                                 |                                pipeline_ce_reset_111 |          2 |          2 |       0 |    0 |     2 |      0 |      0 |          0 |
|       u_input[1]                             |                                          pipeline_74 |          2 |          2 |       0 |    0 |     2 |      0 |      0 |          0 |
|         u_ce                                 |                                pipeline_ce_reset_110 |          2 |          2 |       0 |    0 |     2 |      0 |      0 |          0 |
|       u_input[2]                             |                                          pipeline_75 |          7 |          7 |       0 |    0 |     2 |      0 |      0 |          0 |
|         u_ce                                 |                                pipeline_ce_reset_109 |          7 |          7 |       0 |    0 |     2 |      0 |      0 |          0 |
|       u_input[3]                             |                                          pipeline_76 |          7 |          7 |       0 |    0 |     2 |      0 |      0 |          0 |
|         u_ce                                 |                                pipeline_ce_reset_108 |          7 |          7 |       0 |    0 |     2 |      0 |      0 |          0 |
|       u_input[4]                             |                                          pipeline_77 |          9 |          9 |       0 |    0 |     2 |      0 |      0 |          0 |
|         u_ce                                 |                                pipeline_ce_reset_107 |          9 |          9 |       0 |    0 |     2 |      0 |      0 |          0 |
|       u_input[5]                             |                                          pipeline_78 |          7 |          7 |       0 |    0 |     2 |      0 |      0 |          0 |
|         u_ce                                 |                                pipeline_ce_reset_106 |          7 |          7 |       0 |    0 |     2 |      0 |      0 |          0 |
|       u_input[6]                             |                                          pipeline_79 |          7 |          7 |       0 |    0 |     2 |      0 |      0 |          0 |
|         u_ce                                 |                                pipeline_ce_reset_105 |          7 |          7 |       0 |    0 |     2 |      0 |      0 |          0 |
|       u_input[7]                             |                                          pipeline_80 |          7 |          7 |       0 |    0 |     2 |      0 |      0 |          0 |
|         u_ce                                 |                                pipeline_ce_reset_104 |          7 |          7 |       0 |    0 |     2 |      0 |      0 |          0 |
|       u_input[8]                             |                                          pipeline_81 |          7 |          7 |       0 |    0 |     2 |      0 |      0 |          0 |
|         u_ce                                 |                                pipeline_ce_reset_103 |          7 |          7 |       0 |    0 |     2 |      0 |      0 |          0 |
|       u_input[9]                             |                                          pipeline_82 |          8 |          8 |       0 |    0 |     2 |      0 |      0 |          0 |
|         u_ce                                 |                                pipeline_ce_reset_102 |          8 |          8 |       0 |    0 |     2 |      0 |      0 |          0 |
|       u_output[10]                           |                                          pipeline_83 |          1 |          1 |       0 |    0 |     2 |      0 |      0 |          0 |
|         u_ce                                 |                                pipeline_ce_reset_101 |          1 |          1 |       0 |    0 |     2 |      0 |      0 |          0 |
|       u_output[11]                           |                                          pipeline_84 |          1 |          1 |       0 |    0 |     2 |      0 |      0 |          0 |
|         u_ce                                 |                                pipeline_ce_reset_100 |          1 |          1 |       0 |    0 |     2 |      0 |      0 |          0 |
|       u_output[2]                            |                                          pipeline_85 |          2 |          2 |       0 |    0 |     2 |      0 |      0 |          0 |
|         u_ce                                 |                                 pipeline_ce_reset_99 |          2 |          2 |       0 |    0 |     2 |      0 |      0 |          0 |
|       u_output[3]                            |                                          pipeline_86 |          1 |          1 |       0 |    0 |     2 |      0 |      0 |          0 |
|         u_ce                                 |                                 pipeline_ce_reset_98 |          1 |          1 |       0 |    0 |     2 |      0 |      0 |          0 |
|       u_output[4]                            |                                          pipeline_87 |          1 |          1 |       0 |    0 |     2 |      0 |      0 |          0 |
|         u_ce                                 |                                 pipeline_ce_reset_97 |          1 |          1 |       0 |    0 |     2 |      0 |      0 |          0 |
|       u_output[5]                            |                                          pipeline_88 |          1 |          1 |       0 |    0 |     2 |      0 |      0 |          0 |
|         u_ce                                 |                                 pipeline_ce_reset_96 |          1 |          1 |       0 |    0 |     2 |      0 |      0 |          0 |
|       u_output[6]                            |                                          pipeline_89 |          1 |          1 |       0 |    0 |     2 |      0 |      0 |          0 |
|         u_ce                                 |                                 pipeline_ce_reset_95 |          1 |          1 |       0 |    0 |     2 |      0 |      0 |          0 |
|       u_output[7]                            |                                          pipeline_90 |          1 |          1 |       0 |    0 |     2 |      0 |      0 |          0 |
|         u_ce                                 |                                 pipeline_ce_reset_94 |          1 |          1 |       0 |    0 |     2 |      0 |      0 |          0 |
|       u_output[8]                            |                                          pipeline_91 |          1 |          1 |       0 |    0 |     2 |      0 |      0 |          0 |
|         u_ce                                 |                                 pipeline_ce_reset_93 |          1 |          1 |       0 |    0 |     2 |      0 |      0 |          0 |
|       u_output[9]                            |                                          pipeline_92 |          1 |          1 |       0 |    0 |     2 |      0 |      0 |          0 |
|         u_ce                                 |                                    pipeline_ce_reset |          1 |          1 |       0 |    0 |     2 |      0 |      0 |          0 |
|   u_kdf                                      |                                           kdf_keccak |       9117 |       9117 |       0 |    0 |  3967 |      0 |      0 |          0 |
|     (u_kdf)                                  |                                           kdf_keccak |        491 |        491 |       0 |    0 |   719 |      0 |      0 |          0 |
|     keccak_inst                              |                                  keccak_f1600_server |       8626 |       8626 |       0 |    0 |  3248 |      0 |      0 |          0 |
|       (keccak_inst)                          |                                  keccak_f1600_server |        135 |        135 |       0 |    0 |  1648 |      0 |      0 |          0 |
|       algo_inst                              |                                         ALGORITHM_71 |       8491 |       8491 |       0 |    0 |  1600 |      0 |      0 |          0 |
|         (algo_inst)                          |                                         ALGORITHM_71 |       5280 |       5280 |       0 |    0 |     0 |      0 |      0 |          0 |
|         STEP_MAPPING_5                       |                                              IOTA_72 |       3211 |       3211 |       0 |    0 |  1600 |      0 |      0 |          0 |
|           (STEP_MAPPING_5)                   |                                              IOTA_72 |       3203 |       3203 |       0 |    0 |  1600 |      0 |      0 |          0 |
|           IOTA_RC                            |                                                RC_73 |          8 |          8 |       0 |    0 |     0 |      0 |      0 |          0 |
|   u_puf                                      |                                           kp_puf_top |        193 |        193 |       0 |    0 |   382 |      0 |      0 |          0 |
|     (u_puf)                                  |                                           kp_puf_top |          0 |          0 |       0 |    0 |     2 |      0 |      0 |          0 |
|     comp_inst                                |                                        kp_comparator |          0 |          0 |       0 |    0 |     0 |      0 |      0 |          0 |
|     counter0                                 |                                       kp_counter_puf |         18 |         18 |       0 |    0 |    36 |      0 |      0 |          0 |
|     counter1                                 |                                    kp_counter_puf_70 |         18 |         18 |       0 |    0 |    36 |      0 |      0 |          0 |
|     ctrl_inst                                |                                       kp_puf_control |         32 |         32 |       0 |    0 |    36 |      0 |      0 |          0 |
|     lfsr_inst                                |                                              kp_lfsr |         13 |         13 |       0 |    0 |     8 |      0 |      0 |          0 |
|     ring0[0].ro0                             |                                           kp_ro_cell |          4 |          4 |       0 |    0 |     0 |      0 |      0 |          0 |
|       u_backend                              |                                    kp_ro_cell_xilinx |          4 |          4 |       0 |    0 |     0 |      0 |      0 |          0 |
|     ring0[10].ro0                            |                           kp_ro_cell__parameterized9 |          4 |          4 |       0 |    0 |     0 |      0 |      0 |          0 |
|       u_backend                              |                    kp_ro_cell_xilinx__parameterized9 |          4 |          4 |       0 |    0 |     0 |      0 |      0 |          0 |
|     ring0[11].ro0                            |                          kp_ro_cell__parameterized10 |          4 |          4 |       0 |    0 |     0 |      0 |      0 |          0 |
|       u_backend                              |                   kp_ro_cell_xilinx__parameterized10 |          4 |          4 |       0 |    0 |     0 |      0 |      0 |          0 |
|     ring0[12].ro0                            |                          kp_ro_cell__parameterized11 |          4 |          4 |       0 |    0 |     0 |      0 |      0 |          0 |
|       u_backend                              |                   kp_ro_cell_xilinx__parameterized11 |          4 |          4 |       0 |    0 |     0 |      0 |      0 |          0 |
|     ring0[13].ro0                            |                          kp_ro_cell__parameterized12 |          4 |          4 |       0 |    0 |     0 |      0 |      0 |          0 |
|       u_backend                              |                   kp_ro_cell_xilinx__parameterized12 |          4 |          4 |       0 |    0 |     0 |      0 |      0 |          0 |
|     ring0[14].ro0                            |                          kp_ro_cell__parameterized13 |          4 |          4 |       0 |    0 |     0 |      0 |      0 |          0 |
|       u_backend                              |                   kp_ro_cell_xilinx__parameterized13 |          4 |          4 |       0 |    0 |     0 |      0 |      0 |          0 |
|     ring0[15].ro0                            |                          kp_ro_cell__parameterized14 |          4 |          4 |       0 |    0 |     0 |      0 |      0 |          0 |
|       u_backend                              |                   kp_ro_cell_xilinx__parameterized14 |          4 |          4 |       0 |    0 |     0 |      0 |      0 |          0 |
|     ring0[1].ro0                             |                           kp_ro_cell__parameterized0 |          4 |          4 |       0 |    0 |     0 |      0 |      0 |          0 |
|       u_backend                              |                    kp_ro_cell_xilinx__parameterized0 |          4 |          4 |       0 |    0 |     0 |      0 |      0 |          0 |
|     ring0[2].ro0                             |                           kp_ro_cell__parameterized1 |          4 |          4 |       0 |    0 |     0 |      0 |      0 |          0 |
|       u_backend                              |                    kp_ro_cell_xilinx__parameterized1 |          4 |          4 |       0 |    0 |     0 |      0 |      0 |          0 |
|     ring0[3].ro0                             |                           kp_ro_cell__parameterized2 |          4 |          4 |       0 |    0 |     0 |      0 |      0 |          0 |
|       u_backend                              |                    kp_ro_cell_xilinx__parameterized2 |          4 |          4 |       0 |    0 |     0 |      0 |      0 |          0 |
|     ring0[4].ro0                             |                           kp_ro_cell__parameterized3 |          4 |          4 |       0 |    0 |     0 |      0 |      0 |          0 |
|       u_backend                              |                    kp_ro_cell_xilinx__parameterized3 |          4 |          4 |       0 |    0 |     0 |      0 |      0 |          0 |
|     ring0[5].ro0                             |                           kp_ro_cell__parameterized4 |          4 |          4 |       0 |    0 |     0 |      0 |      0 |          0 |
|       u_backend                              |                    kp_ro_cell_xilinx__parameterized4 |          4 |          4 |       0 |    0 |     0 |      0 |      0 |          0 |
|     ring0[6].ro0                             |                           kp_ro_cell__parameterized5 |          4 |          4 |       0 |    0 |     0 |      0 |      0 |          0 |
|       u_backend                              |                    kp_ro_cell_xilinx__parameterized5 |          4 |          4 |       0 |    0 |     0 |      0 |      0 |          0 |
|     ring0[7].ro0                             |                           kp_ro_cell__parameterized6 |          4 |          4 |       0 |    0 |     0 |      0 |      0 |          0 |
|       u_backend                              |                    kp_ro_cell_xilinx__parameterized6 |          4 |          4 |       0 |    0 |     0 |      0 |      0 |          0 |
|     ring0[8].ro0                             |                           kp_ro_cell__parameterized7 |          4 |          4 |       0 |    0 |     0 |      0 |      0 |          0 |
|       u_backend                              |                    kp_ro_cell_xilinx__parameterized7 |          4 |          4 |       0 |    0 |     0 |      0 |      0 |          0 |
|     ring0[9].ro0                             |                           kp_ro_cell__parameterized8 |          4 |          4 |       0 |    0 |     0 |      0 |      0 |          0 |
|       u_backend                              |                    kp_ro_cell_xilinx__parameterized8 |          4 |          4 |       0 |    0 |     0 |      0 |      0 |          0 |
|     ring1[0].ro1                             |                          kp_ro_cell__parameterized15 |          4 |          4 |       0 |    0 |     0 |      0 |      0 |          0 |
|       u_backend                              |                   kp_ro_cell_xilinx__parameterized15 |          4 |          4 |       0 |    0 |     0 |      0 |      0 |          0 |
|     ring1[10].ro1                            |                          kp_ro_cell__parameterized25 |          4 |          4 |       0 |    0 |     0 |      0 |      0 |          0 |
|       u_backend                              |                   kp_ro_cell_xilinx__parameterized25 |          4 |          4 |       0 |    0 |     0 |      0 |      0 |          0 |
|     ring1[11].ro1                            |                          kp_ro_cell__parameterized26 |          4 |          4 |       0 |    0 |     0 |      0 |      0 |          0 |
|       u_backend                              |                   kp_ro_cell_xilinx__parameterized26 |          4 |          4 |       0 |    0 |     0 |      0 |      0 |          0 |
|     ring1[12].ro1                            |                          kp_ro_cell__parameterized27 |          4 |          4 |       0 |    0 |     0 |      0 |      0 |          0 |
|       u_backend                              |                   kp_ro_cell_xilinx__parameterized27 |          4 |          4 |       0 |    0 |     0 |      0 |      0 |          0 |
|     ring1[13].ro1                            |                          kp_ro_cell__parameterized28 |          4 |          4 |       0 |    0 |     0 |      0 |      0 |          0 |
|       u_backend                              |                   kp_ro_cell_xilinx__parameterized28 |          4 |          4 |       0 |    0 |     0 |      0 |      0 |          0 |
|     ring1[14].ro1                            |                          kp_ro_cell__parameterized29 |          4 |          4 |       0 |    0 |     0 |      0 |      0 |          0 |
|       u_backend                              |                   kp_ro_cell_xilinx__parameterized29 |          4 |          4 |       0 |    0 |     0 |      0 |      0 |          0 |
|     ring1[15].ro1                            |                          kp_ro_cell__parameterized30 |          4 |          4 |       0 |    0 |     0 |      0 |      0 |          0 |
|       u_backend                              |                   kp_ro_cell_xilinx__parameterized30 |          4 |          4 |       0 |    0 |     0 |      0 |      0 |          0 |
|     ring1[1].ro1                             |                          kp_ro_cell__parameterized16 |          4 |          4 |       0 |    0 |     0 |      0 |      0 |          0 |
|       u_backend                              |                   kp_ro_cell_xilinx__parameterized16 |          4 |          4 |       0 |    0 |     0 |      0 |      0 |          0 |
|     ring1[2].ro1                             |                          kp_ro_cell__parameterized17 |          4 |          4 |       0 |    0 |     0 |      0 |      0 |          0 |
|       u_backend                              |                   kp_ro_cell_xilinx__parameterized17 |          4 |          4 |       0 |    0 |     0 |      0 |      0 |          0 |
|     ring1[3].ro1                             |                          kp_ro_cell__parameterized18 |          4 |          4 |       0 |    0 |     0 |      0 |      0 |          0 |
|       u_backend                              |                   kp_ro_cell_xilinx__parameterized18 |          4 |          4 |       0 |    0 |     0 |      0 |      0 |          0 |
|     ring1[4].ro1                             |                          kp_ro_cell__parameterized19 |          4 |          4 |       0 |    0 |     0 |      0 |      0 |          0 |
|       u_backend                              |                   kp_ro_cell_xilinx__parameterized19 |          4 |          4 |       0 |    0 |     0 |      0 |      0 |          0 |
|     ring1[5].ro1                             |                          kp_ro_cell__parameterized20 |          4 |          4 |       0 |    0 |     0 |      0 |      0 |          0 |
|       u_backend                              |                   kp_ro_cell_xilinx__parameterized20 |          4 |          4 |       0 |    0 |     0 |      0 |      0 |          0 |
|     ring1[6].ro1                             |                          kp_ro_cell__parameterized21 |          4 |          4 |       0 |    0 |     0 |      0 |      0 |          0 |
|       u_backend                              |                   kp_ro_cell_xilinx__parameterized21 |          4 |          4 |       0 |    0 |     0 |      0 |      0 |          0 |
|     ring1[7].ro1                             |                          kp_ro_cell__parameterized22 |          4 |          4 |       0 |    0 |     0 |      0 |      0 |          0 |
|       u_backend                              |                   kp_ro_cell_xilinx__parameterized22 |          4 |          4 |       0 |    0 |     0 |      0 |      0 |          0 |
|     ring1[8].ro1                             |                          kp_ro_cell__parameterized23 |          4 |          4 |       0 |    0 |     0 |      0 |      0 |          0 |
|       u_backend                              |                   kp_ro_cell_xilinx__parameterized23 |          4 |          4 |       0 |    0 |     0 |      0 |      0 |          0 |
|     ring1[9].ro1                             |                          kp_ro_cell__parameterized24 |          4 |          4 |       0 |    0 |     0 |      0 |      0 |          0 |
|       u_backend                              |                   kp_ro_cell_xilinx__parameterized24 |          4 |          4 |       0 |    0 |     0 |      0 |      0 |          0 |
|     shiftreg_inst                            |                                          kp_shiftReg |          0 |          0 |       0 |    0 |   264 |      0 |      0 |          0 |
|   u_soc                                      |                                            riscv_soc |      37222 |      36690 |      56 |  476 | 22723 |     10 |     30 |          4 |
|     (u_soc)                                  |                                            riscv_soc |          0 |          0 |       0 |    0 |    45 |      0 |      0 |          0 |
|     cpu                                      |                                             picorv32 |       1514 |       1466 |      48 |    0 |   602 |      0 |      0 |          0 |
|     memory_inst                              |                                             soc_bram |          0 |          0 |       0 |    0 |     1 |      4 |      0 |          0 |
|     u_kyber_axi                              |                                    kyber_axi_wrapper |      35361 |      34885 |       0 |  476 | 21698 |      6 |     30 |          4 |
|       (u_kyber_axi)                          |                                    kyber_axi_wrapper |        259 |        259 |       0 |    0 |   817 |      0 |      0 |          0 |
|       C                                      |                                         Kyber_Client |      19207 |      18968 |       0 |  239 | 10129 |      3 |     14 |          2 |
|         (C)                                  |                                         Kyber_Client |        345 |        213 |       0 |  132 |   762 |      0 |      0 |          0 |
|         DFIFO                                |                fifo_wrapper_24_16__parameterized0_16 |         23 |         23 |       0 |    0 |    20 |      0 |      1 |          0 |
|           inst                               |                 generic_fifo_sync__parameterized5_69 |         23 |         23 |       0 |    0 |    20 |      0 |      1 |          0 |
|         IFIFO                                |                   fifo_wrapper_32_16__parameterized0 |         53 |         53 |       0 |    0 |    16 |      0 |      1 |          0 |
|           inst                               |                 generic_fifo_sync__parameterized3_68 |         53 |         53 |       0 |    0 |    16 |      0 |      1 |          0 |
|         OFIFO                                |                   fifo_wrapper_32_16__parameterized1 |         78 |         78 |       0 |    0 |    20 |      0 |      1 |          0 |
|           inst                               |                    generic_fifo_sync__parameterized7 |         78 |         78 |       0 |    0 |    20 |      0 |      1 |          0 |
|         decode                               |                                        decode_Client |         53 |         53 |       0 |    0 |    86 |      0 |      0 |          0 |
|         encode                               |                                        encode_Client |        125 |        125 |       0 |    0 |    59 |      0 |      0 |          0 |
|         hash                                 |                                     hash_core_Client |      16989 |      16989 |       0 |    0 |  8333 |      2 |      4 |          0 |
|           (hash)                             |                                     hash_core_Client |         12 |         12 |       0 |    0 |    42 |      0 |      0 |          0 |
|           decode                             |                                     decode_keccak_55 |        111 |        111 |       0 |    0 |   106 |      0 |      0 |          0 |
|           ififo_inst                         |                                fifo_wrapper_36_32_56 |        115 |        115 |       0 |    0 |    18 |      0 |      1 |          0 |
|             inst                             |                                 generic_fifo_sync_67 |        115 |        115 |       0 |    0 |    18 |      0 |      1 |          0 |
|           ofifo0_inst                        |                                fifo_wrapper_24_16_57 |         14 |         14 |       0 |    0 |    35 |      1 |      1 |          0 |
|             inst                             |                 generic_fifo_sync__parameterized0_66 |         14 |         14 |       0 |    0 |    35 |      1 |      1 |          0 |
|           ofifo1_inst                        |                                fifo_wrapper_25_16_58 |         86 |         86 |       0 |    0 |    18 |      0 |      1 |          0 |
|             (ofifo1_inst)                    |                                fifo_wrapper_25_16_58 |          0 |          0 |       0 |    0 |     0 |      0 |      0 |          0 |
|             inst                             |                 generic_fifo_sync__parameterized1_65 |         86 |         86 |       0 |    0 |    18 |      0 |      1 |          0 |
|           ofifo_inst                         |                                fifo_wrapper_40_32_59 |         29 |         29 |       0 |    0 |    22 |      1 |      1 |          0 |
|             inst                             |                 generic_fifo_sync__parameterized2_64 |         29 |         29 |       0 |    0 |    22 |      1 |      1 |          0 |
|           sponge                             |                                   sha3_shake_core_60 |      16622 |      16622 |       0 |    0 |  8092 |      0 |      0 |          0 |
|             (sponge)                         |                                   sha3_shake_core_60 |       2451 |       2451 |       0 |    0 |  6492 |      0 |      0 |          0 |
|             algo_inst                        |                                         ALGORITHM_61 |      14171 |      14171 |       0 |    0 |  1600 |      0 |      0 |          0 |
|               (algo_inst)                    |                                         ALGORITHM_61 |       4307 |       4307 |       0 |    0 |     0 |      0 |      0 |          0 |
|               STEP_MAPPING_5                 |                                              IOTA_62 |       9864 |       9864 |       0 |    0 |  1600 |      0 |      0 |          0 |
|                 (STEP_MAPPING_5)             |                                              IOTA_62 |       9856 |       9856 |       0 |    0 |  1600 |      0 |      0 |          0 |
|                 IOTA_RC                      |                                                RC_63 |          8 |          8 |       0 |    0 |     0 |      0 |      0 |          0 |
|         ntt                                  |                                      NTT_core_Client |       1541 |       1434 |       0 |  107 |   833 |      1 |      7 |          2 |
|           (ntt)                              |                                      NTT_core_Client |        515 |        515 |       0 |    0 |   385 |      0 |      3 |          0 |
|           BU                                 |                                        butterfly_Cli |        661 |        607 |       0 |   54 |   395 |      0 |      0 |          2 |
|             (BU)                             |                                        butterfly_Cli |        322 |        322 |       0 |    0 |   173 |      0 |      0 |          0 |
|             M0                               |                                    ntt_mult_12x12_41 |         47 |         47 |       0 |    0 |     0 |      0 |      0 |          1 |
|               u_mult                         |                                      generic_mult_54 |         47 |         47 |       0 |    0 |     0 |      0 |      0 |          1 |
|             M1                               |                                    ntt_mult_12x12_42 |         49 |         49 |       0 |    0 |     0 |      0 |      0 |          1 |
|               u_mult                         |                                      generic_mult_53 |         49 |         49 |       0 |    0 |     0 |      0 |      0 |          1 |
|             R0                               |                                             reduc_43 |        102 |         91 |       0 |   11 |    96 |      0 |      0 |          0 |
|             R1                               |                                             reduc_44 |        102 |         91 |       0 |   11 |    96 |      0 |      0 |          0 |
|             S0                               |                                     c_shift_ram_0_45 |         14 |          2 |       0 |   12 |    12 |      0 |      0 |          0 |
|               inst                           |                                       generic_srl_52 |         14 |          2 |       0 |   12 |    12 |      0 |      0 |          0 |
|             S1                               |                                     c_shift_ram_0_46 |         13 |          1 |       0 |   12 |    12 |      0 |      0 |          0 |
|               inst                           |                                       generic_srl_51 |         13 |          1 |       0 |   12 |    12 |      0 |      0 |          0 |
|             S2                               |                                     c_shift_ram_1_47 |         10 |          6 |       0 |    4 |     2 |      0 |      0 |          0 |
|               inst                           |                       generic_srl__parameterized0_50 |         10 |          6 |       0 |    4 |     2 |      0 |      0 |          0 |
|             S3                               |                                     c_shift_ram_1_48 |          4 |          0 |       0 |    4 |     4 |      0 |      0 |          0 |
|               inst                           |                       generic_srl__parameterized0_49 |          4 |          0 |       0 |    4 |     4 |      0 |      0 |          0 |
|           RAM0                               |                                     blk_mem_gen_0_17 |          0 |          0 |       0 |    0 |     0 |      0 |      1 |          0 |
|             inst                             |                      generic_bram__parameterized0_40 |          0 |          0 |       0 |    0 |     0 |      0 |      1 |          0 |
|           RAM1                               |                                     blk_mem_gen_0_18 |         24 |         24 |       0 |    0 |     0 |      0 |      1 |          0 |
|             inst                             |                      generic_bram__parameterized0_39 |         24 |         24 |       0 |    0 |     0 |      0 |      1 |          0 |
|           RAM2                               |                                     blk_mem_gen_2_19 |         12 |         12 |       0 |    0 |     0 |      0 |      1 |          0 |
|             inst                             |                      generic_bram__parameterized1_38 |         12 |         12 |       0 |    0 |     0 |      0 |      1 |          0 |
|           RAM3                               |                                     blk_mem_gen_2_20 |         72 |         72 |       0 |    0 |     0 |      0 |      1 |          0 |
|             inst                             |                      generic_bram__parameterized1_37 |         72 |         72 |       0 |    0 |     0 |      0 |      1 |          0 |
|           RAM4                               |                                     blk_mem_gen_1_21 |         24 |         24 |       0 |    0 |     0 |      1 |      0 |          0 |
|             inst                             |                      generic_bram__parameterized2_36 |         24 |         24 |       0 |    0 |     0 |      1 |      0 |          0 |
|           S10                                |                                     c_shift_ram_8_22 |          4 |          3 |       0 |    1 |     1 |      0 |      0 |          0 |
|             inst                             |                       generic_srl__parameterized7_35 |          4 |          3 |       0 |    1 |     1 |      0 |      0 |          0 |
|           S10N                               |                                     c_shift_ram_8_23 |          3 |          2 |       0 |    1 |     1 |      0 |      0 |          0 |
|             inst                             |                       generic_srl__parameterized7_34 |          3 |          2 |       0 |    1 |     1 |      0 |      0 |          0 |
|           S11                                |                                    c_shift_ram_11_24 |          1 |          0 |       0 |    1 |     1 |      0 |      0 |          0 |
|             inst                             |                       generic_srl__parameterized8_33 |          1 |          0 |       0 |    1 |     1 |      0 |      0 |          0 |
|           S4                                 |                                      c_shift_ram_3_5 |        177 |        172 |       0 |    5 |     5 |      0 |      0 |          0 |
|             inst                             |                          generic_srl__parameterized9 |        177 |        172 |       0 |    5 |     5 |      0 |      0 |          0 |
|           S5                                 |                                     c_shift_ram_4_25 |          8 |          0 |       0 |    8 |     8 |      0 |      0 |          0 |
|             inst                             |                       generic_srl__parameterized3_32 |          8 |          0 |       0 |    8 |     8 |      0 |      0 |          0 |
|           S6                                 |                                   c_shift_ram_4_6_26 |          6 |          0 |       0 |    6 |     6 |      0 |      0 |          0 |
|             inst                             |                       generic_srl__parameterized4_31 |          6 |          0 |       0 |    6 |     6 |      0 |      0 |          0 |
|           S7                                 |                                     c_shift_ram_5_27 |          7 |          0 |       0 |    7 |     7 |      0 |      0 |          0 |
|             inst                             |                       generic_srl__parameterized5_30 |          7 |          0 |       0 |    7 |     7 |      0 |      0 |          0 |
|           S9                                 |                                     c_shift_ram_6_28 |         27 |          3 |       0 |   24 |    24 |      0 |      0 |          0 |
|             inst                             |                       generic_srl__parameterized6_29 |         27 |          3 |       0 |   24 |    24 |      0 |      0 |          0 |
|       S                                      |                                         Kyber_Server |      15895 |      15658 |       0 |  237 | 10752 |      3 |     16 |          2 |
|         (S)                                  |                                         Kyber_Server |        599 |        497 |       0 |  102 |  1293 |      0 |      0 |          0 |
|         DFIFO0                               |                   fifo_wrapper_24_16__parameterized0 |         60 |         60 |       0 |    0 |    20 |      0 |      1 |          0 |
|           inst                               |                    generic_fifo_sync__parameterized5 |         60 |         60 |       0 |    0 |    20 |      0 |      1 |          0 |
|         DFIFO1                               |                                   fifo_wrapper_10_16 |         62 |         62 |       0 |    0 |    16 |      0 |      1 |          0 |
|           inst                               |                    generic_fifo_sync__parameterized6 |         62 |         62 |       0 |    0 |    16 |      0 |      1 |          0 |
|         IFIFO                                |                                   fifo_wrapper_32_16 |         23 |         23 |       0 |    0 |    16 |      0 |      1 |          0 |
|           inst                               |                    generic_fifo_sync__parameterized3 |         23 |         23 |       0 |    0 |    16 |      0 |      1 |          0 |
|         OFIFO                                |                                   fifo_wrapper_34_16 |        147 |        147 |       0 |    0 |    20 |      0 |      1 |          0 |
|           inst                               |                    generic_fifo_sync__parameterized4 |        147 |        147 |       0 |    0 |    20 |      0 |      1 |          0 |
|         ciphertext_store                     |                                         generic_bram |        108 |        108 |       0 |    0 |     0 |      0 |      1 |          0 |
|         decode                               |                                        decode_Server |        201 |        201 |       0 |    0 |    99 |      0 |      0 |          0 |
|         encode                               |                                        encode_Server |         37 |         37 |       0 |    0 |    53 |      0 |      0 |          0 |
|         hash                                 |                                     hash_core_Server |      13021 |      13021 |       0 |    0 |  8319 |      2 |      4 |          0 |
|           (hash)                             |                                     hash_core_Server |         16 |         16 |       0 |    0 |    43 |      0 |      0 |          0 |
|           decode                             |                                        decode_keccak |        111 |        111 |       0 |    0 |   106 |      0 |      0 |          0 |
|           ififo_inst                         |                                   fifo_wrapper_36_32 |         68 |         68 |       0 |    0 |    18 |      0 |      1 |          0 |
|             inst                             |                                    generic_fifo_sync |         68 |         68 |       0 |    0 |    18 |      0 |      1 |          0 |
|           ofifo0_inst                        |                                   fifo_wrapper_24_16 |         92 |         92 |       0 |    0 |    35 |      1 |      1 |          0 |
|             inst                             |                    generic_fifo_sync__parameterized0 |         92 |         92 |       0 |    0 |    35 |      1 |      1 |          0 |
|           ofifo1_inst                        |                                   fifo_wrapper_25_16 |         39 |         39 |       0 |    0 |    18 |      0 |      1 |          0 |
|             (ofifo1_inst)                    |                                   fifo_wrapper_25_16 |          0 |          0 |       0 |    0 |     0 |      0 |      0 |          0 |
|             inst                             |                    generic_fifo_sync__parameterized1 |         39 |         39 |       0 |    0 |    18 |      0 |      1 |          0 |
|           ofifo_inst                         |                                   fifo_wrapper_40_32 |         28 |         28 |       0 |    0 |    22 |      1 |      1 |          0 |
|             inst                             |                    generic_fifo_sync__parameterized2 |         28 |         28 |       0 |    0 |    22 |      1 |      1 |          0 |
|           sponge                             |                                      sha3_shake_core |      12667 |      12667 |       0 |    0 |  8077 |      0 |      0 |          0 |
|             (sponge)                         |                                      sha3_shake_core |       4065 |       4065 |       0 |    0 |  6477 |      0 |      0 |          0 |
|             algo_inst                        |                                            ALGORITHM |       8602 |       8602 |       0 |    0 |  1600 |      0 |      0 |          0 |
|               (algo_inst)                    |                                            ALGORITHM |       4306 |       4306 |       0 |    0 |     0 |      0 |      0 |          0 |
|               STEP_MAPPING_5                 |                                                 IOTA |       4296 |       4296 |       0 |    0 |  1600 |      0 |      0 |          0 |
|                 (STEP_MAPPING_5)             |                                                 IOTA |       4288 |       4288 |       0 |    0 |  1600 |      0 |      0 |          0 |
|                 IOTA_RC                      |                                                   RC |          8 |          8 |       0 |    0 |     0 |      0 |      0 |          0 |
|         ntt                                  |                                      NTT_core_Server |       1637 |       1502 |       0 |  135 |   916 |      1 |      7 |          2 |
|           (ntt)                              |                                      NTT_core_Server |        417 |        417 |       0 |    0 |   440 |      0 |      3 |          0 |
|           BU                                 |                                        butterfly_Ser |        659 |        580 |       0 |   79 |   420 |      0 |      0 |          2 |
|             (BU)                             |                                        butterfly_Ser |        323 |        322 |       0 |    1 |   198 |      0 |      0 |          0 |
|             M0                               |                                       ntt_mult_12x12 |         34 |         34 |       0 |    0 |     0 |      0 |      0 |          1 |
|               u_mult                         |                                      generic_mult_15 |         34 |         34 |       0 |    0 |     0 |      0 |      0 |          1 |
|             M1                               |                                     ntt_mult_12x12_6 |         34 |         34 |       0 |    0 |     0 |      0 |      0 |          1 |
|               u_mult                         |                                         generic_mult |         34 |         34 |       0 |    0 |     0 |      0 |      0 |          1 |
|             R0                               |                                                reduc |        102 |         91 |       0 |   11 |    96 |      0 |      0 |          0 |
|             R1                               |                                              reduc_7 |        102 |         91 |       0 |   11 |    96 |      0 |      0 |          0 |
|             S0                               |                                        c_shift_ram_0 |         14 |          2 |       0 |   12 |    12 |      0 |      0 |          0 |
|               inst                           |                                       generic_srl_14 |         14 |          2 |       0 |   12 |    12 |      0 |      0 |          0 |
|             S1                               |                                      c_shift_ram_0_8 |         13 |          1 |       0 |   12 |    12 |      0 |      0 |          0 |
|               inst                           |                                       generic_srl_13 |         13 |          1 |       0 |   12 |    12 |      0 |      0 |          0 |
|             S12                              |                                        c_shift_ram_9 |         12 |          0 |       0 |   12 |     0 |      0 |      0 |          0 |
|               inst                           |                                       generic_srl_12 |         12 |          0 |       0 |   12 |     0 |      0 |      0 |          0 |
|             S13                              |                                      c_shift_ram_9_9 |         12 |          0 |       0 |   12 |     0 |      0 |      0 |          0 |
|               inst                           |                                          generic_srl |         12 |          0 |       0 |   12 |     0 |      0 |      0 |          0 |
|             S2                               |                                        c_shift_ram_1 |         11 |          7 |       0 |    4 |     2 |      0 |      0 |          0 |
|               inst                           |                       generic_srl__parameterized0_11 |         11 |          7 |       0 |    4 |     2 |      0 |      0 |          0 |
|             S3                               |                                     c_shift_ram_1_10 |          4 |          0 |       0 |    4 |     4 |      0 |      0 |          0 |
|               inst                           |                          generic_srl__parameterized0 |          4 |          0 |       0 |    4 |     4 |      0 |      0 |          0 |
|           RAM0                               |                                        blk_mem_gen_0 |          0 |          0 |       0 |    0 |     0 |      0 |      1 |          0 |
|             inst                             |                       generic_bram__parameterized0_5 |          0 |          0 |       0 |    0 |     0 |      0 |      1 |          0 |
|           RAM1                               |                                      blk_mem_gen_0_0 |         72 |         72 |       0 |    0 |     0 |      0 |      1 |          0 |
|             inst                             |                         generic_bram__parameterized0 |         72 |         72 |       0 |    0 |     0 |      0 |      1 |          0 |
|           RAM2                               |                                        blk_mem_gen_2 |         12 |         12 |       0 |    0 |     0 |      0 |      1 |          0 |
|             inst                             |                       generic_bram__parameterized1_4 |         12 |         12 |       0 |    0 |     0 |      0 |      1 |          0 |
|           RAM3                               |                                      blk_mem_gen_2_1 |         48 |         48 |       0 |    0 |     0 |      0 |      1 |          0 |
|             inst                             |                         generic_bram__parameterized1 |         48 |         48 |       0 |    0 |     0 |      0 |      1 |          0 |
|           RAM4                               |                                        blk_mem_gen_1 |         24 |         24 |       0 |    0 |     0 |      1 |      0 |          0 |
|             inst                             |                         generic_bram__parameterized2 |         24 |         24 |       0 |    0 |     0 |      1 |      0 |          0 |
|           S10                                |                                        c_shift_ram_8 |          4 |          3 |       0 |    1 |     1 |      0 |      0 |          0 |
|             inst                             |                        generic_srl__parameterized7_3 |          4 |          3 |       0 |    1 |     1 |      0 |      0 |          0 |
|           S10N                               |                                      c_shift_ram_8_2 |          3 |          2 |       0 |    1 |     1 |      0 |      0 |          0 |
|             inst                             |                          generic_srl__parameterized7 |          3 |          2 |       0 |    1 |     1 |      0 |      0 |          0 |
|           S11                                |                                       c_shift_ram_11 |          1 |          0 |       0 |    1 |     1 |      0 |      0 |          0 |
|             inst                             |                          generic_srl__parameterized8 |          1 |          0 |       0 |    1 |     1 |      0 |      0 |          0 |
|           S3                                 |                                        c_shift_ram_2 |          5 |          3 |       0 |    2 |     2 |      0 |      0 |          0 |
|             inst                             |                          generic_srl__parameterized1 |          5 |          3 |       0 |    2 |     2 |      0 |      0 |          0 |
|           S4                                 |                                        c_shift_ram_3 |        344 |        338 |       0 |    6 |     6 |      0 |      0 |          0 |
|             inst                             |                          generic_srl__parameterized2 |        344 |        338 |       0 |    6 |     6 |      0 |      0 |          0 |
|           S5                                 |                                        c_shift_ram_4 |          8 |          0 |       0 |    8 |     8 |      0 |      0 |          0 |
|             inst                             |                          generic_srl__parameterized3 |          8 |          0 |       0 |    8 |     8 |      0 |      0 |          0 |
|           S6                                 |                                      c_shift_ram_4_6 |          6 |          0 |       0 |    6 |     6 |      0 |      0 |          0 |
|             inst                             |                          generic_srl__parameterized4 |          6 |          0 |       0 |    6 |     6 |      0 |      0 |          0 |
|           S7                                 |                                        c_shift_ram_5 |          7 |          0 |       0 |    7 |     7 |      0 |      0 |          0 |
|             inst                             |                          generic_srl__parameterized5 |          7 |          0 |       0 |    7 |     7 |      0 |      0 |          0 |
|           S9                                 |                                        c_shift_ram_6 |         27 |          3 |       0 |   24 |    24 |      0 |      0 |          0 |
|             inst                             |                          generic_srl__parameterized6 |         27 |          3 |       0 |   24 |    24 |      0 |      0 |          0 |
|     u_peripherals                            |                                      soc_peripherals |        347 |        339 |       8 |    0 |   377 |      0 |      0 |          0 |
|       (u_peripherals)                        |                                      soc_peripherals |        282 |        274 |       8 |    0 |   323 |      0 |      0 |          0 |
|       u_rx                                   |                                              uart_rx |         44 |         44 |       0 |    0 |    28 |      0 |      0 |          0 |
|       u_tx                                   |                                              uart_tx |         21 |         21 |       0 |    0 |    26 |      0 |      0 |          0 |
+----------------------------------------------+------------------------------------------------------+------------+------------+---------+------+-------+--------+--------+------------+


