Copyright 1986-2022 Xilinx, Inc. All Rights Reserved. Copyright 2022-2026 Advanced Micro Devices, Inc. All Rights Reserved.
---------------------------------------------------------------------------------------------------------------------------------------------
| Tool Version : Vivado v.2026.1 (lin64) Build 6511674 Tue Jun 16 11:01:26 MDT 2026
| Date         : Thu Sep 17 09:05:46 2026
| Host         : minh-bui-Dell-G15-5511 running 64-bit Ubuntu 26.04 LTS
| Command      : report_timing_summary -file /home/minh-bui/Desktop/arty_a7_test/reports/post_synth_timing.rpt
| Design       : Kyber_System_Top
| Device       : 7z020-clg400
| Speed File   : -2  PRODUCTION 1.12 2019-11-22
| Design State : Synthesized
---------------------------------------------------------------------------------------------------------------------------------------------

Timing Summary Report

------------------------------------------------------------------------------------------------
| Timer Settings
| --------------
------------------------------------------------------------------------------------------------

  Enable Multi Corner Analysis               :  Yes
  Enable Pessimism Removal                   :  Yes
  Pessimism Removal Resolution               :  Nearest Common Node
  Enable Input Delay Default Clock           :  No
  Enable Preset / Clear Arcs                 :  No
  Disable Flight Delays                      :  No
  Ignore I/O Paths                           :  No
  Timing Early Launch at Borrowing Latches   :  No
  Borrow Time for Max Delay Exceptions       :  Yes
  Merge Timing Exceptions                    :  Yes
  Inter-SLR Compensation                     :  Conservative

  Corner  Analyze    Analyze    
  Name    Max Paths  Min Paths  
  ------  ---------  ---------  
  Slow    Yes        Yes        
  Fast    Yes        Yes        


------------------------------------------------------------------------------------------------
| Report Methodology
| ------------------
------------------------------------------------------------------------------------------------

No report available as report_methodology has not been run prior. Run report_methodology on the current design for the summary of methodology violations.



check_timing report

Table of Contents
-----------------
1. checking no_clock (360)
2. checking constant_clock (0)
3. checking pulse_width_clock (0)
4. checking unconstrained_internal_endpoints (206)
5. checking no_input_delay (1)
6. checking no_output_delay (3)
7. checking multiple_clock (0)
8. checking generated_clocks (0)
9. checking loops (32)
10. checking partial_input_delay (0)
11. checking partial_output_delay (0)
12. checking latch_loops (0)

1. checking no_clock (360)
--------------------------
 There are 72 register/latch pins with no clock driven by root clock pin: u_puf/ctrl_inst/FSM_onehot_state_reg[3]/Q (HIGH)

 There are 36 register/latch pins with no clock driven by root clock pin: u_puf/lfsr_inst/r_lfsr_reg[1]/Q (HIGH)

 There are 36 register/latch pins with no clock driven by root clock pin: u_puf/lfsr_inst/r_lfsr_reg[2]/Q (HIGH)

 There are 36 register/latch pins with no clock driven by root clock pin: u_puf/lfsr_inst/r_lfsr_reg[3]/Q (HIGH)

 There are 36 register/latch pins with no clock driven by root clock pin: u_puf/lfsr_inst/r_lfsr_reg[4]/Q (HIGH)

 There are 36 register/latch pins with no clock driven by root clock pin: u_puf/lfsr_inst/r_lfsr_reg[5]/Q (HIGH)

 There are 36 register/latch pins with no clock driven by root clock pin: u_puf/lfsr_inst/r_lfsr_reg[6]/Q (HIGH)

 There are 36 register/latch pins with no clock driven by root clock pin: u_puf/lfsr_inst/r_lfsr_reg[7]/Q (HIGH)

 There are 36 register/latch pins with no clock driven by root clock pin: u_puf/lfsr_inst/r_lfsr_reg[8]/Q (HIGH)


2. checking constant_clock (0)
------------------------------
 There are 0 register/latch pins with constant_clock.


3. checking pulse_width_clock (0)
---------------------------------
 There are 0 register/latch pins which need pulse_width check


4. checking unconstrained_internal_endpoints (206)
--------------------------------------------------
 There are 206 pins that are not constrained for maximum delay. (HIGH)

 There are 0 pins that are not constrained for maximum delay due to constant clock.


5. checking no_input_delay (1)
------------------------------
 There is 1 input port with no input delay specified. (HIGH)

 There are 0 input ports with no input delay but user has a false path constraint.


6. checking no_output_delay (3)
-------------------------------
 There are 3 ports with no output delay specified. (HIGH)

 There are 0 ports with no output delay but user has a false path constraint

 There are 0 ports with no output delay but with a timing clock defined on it or propagating through it


7. checking multiple_clock (0)
------------------------------
 There are 0 register/latch pins with multiple clocks.


8. checking generated_clocks (0)
--------------------------------
 There are 0 generated clocks that are not connected to a clock source.


9. checking loops (32)
----------------------
 There are 32 combinational loops in the design. (HIGH)


10. checking partial_input_delay (0)
------------------------------------
 There are 0 input ports with partial input delay specified.


11. checking partial_output_delay (0)
-------------------------------------
 There are 0 ports with partial output delay specified.


12. checking latch_loops (0)
----------------------------
 There are 0 combinational latch loops in the design through latch input



------------------------------------------------------------------------------------------------
| Design Timing Summary
| ---------------------
------------------------------------------------------------------------------------------------

    WNS(ns)      TNS(ns)  TNS Failing Endpoints  TNS Total Endpoints      WHS(ns)      THS(ns)  THS Failing Endpoints  THS Total Endpoints     WPWS(ns)     TPWS(ns)  TPWS Failing Endpoints  TPWS Total Endpoints  
    -------      -------  ---------------------  -------------------      -------      -------  ---------------------  -------------------     --------     --------  ----------------------  --------------------  
     11.690        0.000                      0                69420        0.037        0.000                      0                69420        8.870        0.000                       0                 26265  


All user specified timing constraints are met.


------------------------------------------------------------------------------------------------
| Clock Summary
| -------------
------------------------------------------------------------------------------------------------

Clock      Waveform(ns)       Period(ns)      Frequency(MHz)
-----      ------------       ----------      --------------
CLK100MHZ  {0.000 10.000}     20.000          50.000          


------------------------------------------------------------------------------------------------
| Intra Clock Table
| -----------------
------------------------------------------------------------------------------------------------

Clock             WNS(ns)      TNS(ns)  TNS Failing Endpoints  TNS Total Endpoints      WHS(ns)      THS(ns)  THS Failing Endpoints  THS Total Endpoints     WPWS(ns)     TPWS(ns)  TPWS Failing Endpoints  TPWS Total Endpoints  
-----             -------      -------  ---------------------  -------------------      -------      -------  ---------------------  -------------------     --------     --------  ----------------------  --------------------  
CLK100MHZ          11.690        0.000                      0                63197        0.037        0.000                      0                63197        8.870        0.000                       0                 26265  


------------------------------------------------------------------------------------------------
| Inter Clock Table
| -----------------
------------------------------------------------------------------------------------------------

From Clock    To Clock          WNS(ns)      TNS(ns)  TNS Failing Endpoints  TNS Total Endpoints      WHS(ns)      THS(ns)  THS Failing Endpoints  THS Total Endpoints  
----------    --------          -------      -------  ---------------------  -------------------      -------      -------  ---------------------  -------------------  


------------------------------------------------------------------------------------------------
| Other Path Groups Table
| -----------------------
------------------------------------------------------------------------------------------------

Path Group         From Clock         To Clock               WNS(ns)      TNS(ns)  TNS Failing Endpoints  TNS Total Endpoints      WHS(ns)      THS(ns)  THS Failing Endpoints  THS Total Endpoints  
----------         ----------         --------               -------      -------  ---------------------  -------------------      -------      -------  ---------------------  -------------------  
**async_default**  CLK100MHZ          CLK100MHZ               17.138        0.000                      0                 6223        0.343        0.000                      0                 6223  


------------------------------------------------------------------------------------------------
| Timing Details
| --------------
------------------------------------------------------------------------------------------------


---------------------------------------------------------------------------------------------------
From Clock:  CLK100MHZ
  To Clock:  CLK100MHZ

Setup :            0  Failing Endpoints,  Worst Slack       11.690ns,  Total Violation        0.000ns
Hold  :            0  Failing Endpoints,  Worst Slack        0.037ns,  Total Violation        0.000ns
PW    :            0  Failing Endpoints,  Worst Slack        8.870ns,  Total Violation        0.000ns
---------------------------------------------------------------------------------------------------


Max Delay Paths
--------------------------------------------------------------------------------------
Slack (MET) :             11.690ns  (required time - arrival time)
  Source:                 u_soc/u_kyber_axi/C/hash/ofifo1_inst/inst/rd_ptr_reg[4]/C
                            (rising edge-triggered cell FDRE clocked by CLK100MHZ  {rise@0.000ns fall@10.000ns period=20.000ns})
  Destination:            u_soc/u_kyber_axi/C/hash/sponge/block_reg_reg[0]/CE
                            (rising edge-triggered cell FDRE clocked by CLK100MHZ  {rise@0.000ns fall@10.000ns period=20.000ns})
  Path Group:             CLK100MHZ
  Path Type:              Setup (Max at Slow Process Corner)
  Requirement:            20.000ns  (CLK100MHZ rise@20.000ns - CLK100MHZ rise@0.000ns)
  Data Path Delay:        7.965ns  (logic 1.889ns (23.716%)  route 6.076ns (76.284%))
  Logic Levels:           13  (LUT3=2 LUT4=1 LUT5=5 LUT6=5)
  Clock Path Skew:        -0.145ns (DCD - SCD + CPR)
    Destination Clock Delay (DCD):    2.456ns = ( 22.456 - 20.000 ) 
    Source Clock Delay      (SCD):    2.707ns
    Clock Pessimism Removal (CPR):    0.106ns
  Clock Uncertainty:      0.035ns  ((TSJ^2 + TIJ^2)^1/2 + DJ) / 2 + PE
    Total System Jitter     (TSJ):    0.071ns
    Total Input Jitter      (TIJ):    0.000ns
    Discrete Jitter          (DJ):    0.000ns
    Phase Error              (PE):    0.000ns

    Location             Delay type                Incr(ns)  Path(ns)    Netlist Resource(s)
  -------------------------------------------------------------------    -------------------
                         (clock CLK100MHZ rise edge)
                                                      0.000     0.000 r  <hidden>
    N18                                               0.000     0.000 r  CLK100MHZ
                         net (fo=0)                   0.000     0.000    CLK100MHZ
    N18                  IBUF (Prop_ibuf_I_O)         1.392     1.392 r  CLK100MHZ_IBUF_inst/O
                         net (fo=1, unplaced)         0.646     2.038    CLK100MHZ_IBUF
                         BUFG (Prop_bufg_I_O)         0.085     2.123 r  CLK100MHZ_IBUF_BUFG_inst/O
                         net (fo=26296, unplaced)     0.584     2.707    u_soc/u_kyber_axi/C/hash/ofifo1_inst/inst/CLK100MHZ_IBUF_BUFG
                         FDRE                                         r  u_soc/u_kyber_axi/C/hash/ofifo1_inst/inst/rd_ptr_reg[4]/C
  -------------------------------------------------------------------    -------------------
                         FDRE (Prop_fdre_C_Q)         0.397     3.104 r  u_soc/u_kyber_axi/C/hash/ofifo1_inst/inst/rd_ptr_reg[4]/Q
                         net (fo=7, unplaced)         0.634     3.738    u_soc/u_kyber_axi/C/hash/ofifo1_inst/inst/rd_ptr_reg[4]
                         LUT4 (Prop_lut4_I1_O)        0.232     3.970 r  u_soc/u_kyber_axi/C/hash/ofifo1_inst/inst/mem_reg_i_58/O
                         net (fo=1, unplaced)         0.347     4.317    u_soc/u_kyber_axi/C/hash/ofifo1_inst/inst/mem_reg_i_58_n_1
                         LUT5 (Prop_lut5_I4_O)        0.105     4.422 r  u_soc/u_kyber_axi/C/hash/ofifo1_inst/inst/mem_reg_i_57/O
                         net (fo=1, unplaced)         0.347     4.769    u_soc/u_kyber_axi/C/hash/ofifo1_inst/inst/mem_reg_i_57_n_1
                         LUT6 (Prop_lut6_I5_O)        0.105     4.874 f  u_soc/u_kyber_axi/C/hash/ofifo1_inst/inst/mem_reg_i_55/O
                         net (fo=5, unplaced)         0.375     5.249    u_soc/u_kyber_axi/C/hash/ofifo1_inst/inst/wr_ptr_reg[5]_0
                         LUT5 (Prop_lut5_I0_O)        0.105     5.354 r  u_soc/u_kyber_axi/C/hash/ofifo1_inst/inst/state[5]_i_6/O
                         net (fo=4, unplaced)         0.371     5.725    u_soc/u_kyber_axi/C/hash/ofifo1_inst/inst/eta3_bit_reg
                         LUT5 (Prop_lut5_I4_O)        0.105     5.830 f  u_soc/u_kyber_axi/C/hash/ofifo1_inst/inst/state[3]_i_6/O
                         net (fo=1, unplaced)         0.347     6.177    u_soc/u_kyber_axi/C/hash/ofifo1_inst/inst/state[3]_i_6_n_1
                         LUT5 (Prop_lut5_I0_O)        0.105     6.282 f  u_soc/u_kyber_axi/C/hash/ofifo1_inst/inst/state[3]_i_4__0/O
                         net (fo=1, unplaced)         0.347     6.629    u_soc/u_kyber_axi/C/hash/ofifo1_inst/inst/state[3]_i_4__0_n_1
                         LUT5 (Prop_lut5_I4_O)        0.105     6.734 r  u_soc/u_kyber_axi/C/hash/ofifo1_inst/inst/state[3]_i_1__1/O
                         net (fo=5, unplaced)         0.610     7.344    u_soc/u_kyber_axi/C/hash/ofifo1_inst/inst/state_reg[4]_0
                         LUT6 (Prop_lut6_I1_O)        0.105     7.449 f  u_soc/u_kyber_axi/C/hash/ofifo1_inst/inst/squeeze_ctr[5]_i_7/O
                         net (fo=1, unplaced)         0.582     8.031    u_soc/u_kyber_axi/C/hash/ofifo1_inst/inst/squeeze_ctr[5]_i_7_n_1
                         LUT3 (Prop_lut3_I0_O)        0.105     8.136 f  u_soc/u_kyber_axi/C/hash/ofifo1_inst/inst/squeeze_ctr[5]_i_4/O
                         net (fo=2, unplaced)         0.358     8.494    u_soc/u_kyber_axi/C/hash/sponge/squeeze_init_early
                         LUT6 (Prop_lut6_I2_O)        0.105     8.599 r  u_soc/u_kyber_axi/C/hash/sponge/squeeze_ctr[5]_i_2/O
                         net (fo=45, unplaced)        0.427     9.026    u_soc/u_kyber_axi/C/hash/sponge/keccak_squeeze
                         LUT3 (Prop_lut3_I1_O)        0.105     9.131 r  u_soc/u_kyber_axi/C/hash/sponge/block_reg[766]_i_5__0/O
                         net (fo=123, unplaced)       0.452     9.583    u_soc/u_kyber_axi/C/hash/sponge/block_reg[766]_i_5__0_n_1
                         LUT6 (Prop_lut6_I4_O)        0.105     9.688 f  u_soc/u_kyber_axi/C/hash/sponge/block_reg[1599]_i_4/O
                         net (fo=84, unplaced)        0.442    10.130    u_soc/u_kyber_axi/C/hash/sponge/block_reg[1599]_i_4_n_1
                         LUT6 (Prop_lut6_I5_O)        0.105    10.235 r  u_soc/u_kyber_axi/C/hash/sponge/block_reg[31]_i_1__0/O
                         net (fo=32, unplaced)        0.437    10.672    u_soc/u_kyber_axi/C/hash/sponge/block_reg[31]_i_1__0_n_1
                         FDRE                                         r  u_soc/u_kyber_axi/C/hash/sponge/block_reg_reg[0]/CE
  -------------------------------------------------------------------    -------------------

                         (clock CLK100MHZ rise edge)
                                                     20.000    20.000 r  <hidden>
    N18                                               0.000    20.000 r  CLK100MHZ
                         net (fo=0)                   0.000    20.000    CLK100MHZ
    N18                  IBUF (Prop_ibuf_I_O)         1.327    21.327 r  CLK100MHZ_IBUF_inst/O
                         net (fo=1, unplaced)         0.613    21.940    CLK100MHZ_IBUF
                         BUFG (Prop_bufg_I_O)         0.077    22.017 r  CLK100MHZ_IBUF_BUFG_inst/O
                         net (fo=26296, unplaced)     0.439    22.456    u_soc/u_kyber_axi/C/hash/sponge/CLK100MHZ_IBUF_BUFG
                         FDRE                                         r  u_soc/u_kyber_axi/C/hash/sponge/block_reg_reg[0]/C
                         clock pessimism              0.106    22.562    <hidden>
                         clock uncertainty           -0.035    22.526    <hidden>
                         FDRE (Setup_fdre_C_CE)      -0.165    22.361    u_soc/u_kyber_axi/C/hash/sponge/block_reg_reg[0]
  -------------------------------------------------------------------
                         required time                         22.361    <hidden>
                         arrival time                         -10.672    <hidden>
  -------------------------------------------------------------------
                         slack                                 11.690    <hidden>





Min Delay Paths
--------------------------------------------------------------------------------------
Slack (MET) :             0.037ns  (arrival time - required time)
  Source:                 u_puf/winner_meta_reg/C
                            (rising edge-triggered cell FDCE clocked by CLK100MHZ  {rise@0.000ns fall@10.000ns period=20.000ns})
  Destination:            u_puf/winner_sync_reg/D
                            (rising edge-triggered cell FDCE clocked by CLK100MHZ  {rise@0.000ns fall@10.000ns period=20.000ns})
  Path Group:             CLK100MHZ
  Path Type:              Hold (Min at Fast Process Corner)
  Requirement:            0.000ns  (CLK100MHZ rise@0.000ns - CLK100MHZ rise@0.000ns)
  Data Path Delay:        0.220ns  (logic 0.147ns (66.849%)  route 0.073ns (33.151%))
  Logic Levels:           0  
  Clock Path Skew:        0.145ns (DCD - SCD - CPR)
    Destination Clock Delay (DCD):    1.042ns
    Source Clock Delay      (SCD):    0.689ns
    Clock Pessimism Removal (CPR):    0.208ns

    Location             Delay type                Incr(ns)  Path(ns)    Netlist Resource(s)
  -------------------------------------------------------------------    -------------------
                         (clock CLK100MHZ rise edge)
                                                      0.000     0.000 r  <hidden>
    N18                                               0.000     0.000 r  CLK100MHZ
                         net (fo=0)                   0.000     0.000    CLK100MHZ
    N18                  IBUF (Prop_ibuf_I_O)         0.229     0.229 r  CLK100MHZ_IBUF_inst/O
                         net (fo=1, unplaced)         0.320     0.549    CLK100MHZ_IBUF
                         BUFG (Prop_bufg_I_O)         0.026     0.575 r  CLK100MHZ_IBUF_BUFG_inst/O
                         net (fo=26296, unplaced)     0.114     0.689    u_puf/CLK100MHZ_IBUF_BUFG
                         FDCE                                         r  u_puf/winner_meta_reg/C
  -------------------------------------------------------------------    -------------------
                         FDCE (Prop_fdce_C_Q)         0.147     0.836 r  u_puf/winner_meta_reg/Q
                         net (fo=1, unplaced)         0.073     0.909    u_puf/winner_meta
                         FDCE                                         r  u_puf/winner_sync_reg/D
  -------------------------------------------------------------------    -------------------

                         (clock CLK100MHZ rise edge)
                                                      0.000     0.000 r  <hidden>
    N18                                               0.000     0.000 r  CLK100MHZ
                         net (fo=0)                   0.000     0.000    CLK100MHZ
    N18                  IBUF (Prop_ibuf_I_O)         0.417     0.417 r  CLK100MHZ_IBUF_inst/O
                         net (fo=1, unplaced)         0.337     0.754    CLK100MHZ_IBUF
                         BUFG (Prop_bufg_I_O)         0.029     0.783 r  CLK100MHZ_IBUF_BUFG_inst/O
                         net (fo=26296, unplaced)     0.259     1.042    u_puf/CLK100MHZ_IBUF_BUFG
                         FDCE                                         r  u_puf/winner_sync_reg/C
                         clock pessimism             -0.208     0.834    <hidden>
                         FDCE (Hold_fdce_C_D)         0.038     0.872    u_puf/winner_sync_reg
  -------------------------------------------------------------------
                         required time                         -0.872    <hidden>
                         arrival time                           0.909    <hidden>
  -------------------------------------------------------------------
                         slack                                  0.037    <hidden>





Pulse Width Checks
--------------------------------------------------------------------------------------
Clock Name:         CLK100MHZ
Waveform(ns):       { 0.000 10.000 }
Period(ns):         20.000
Sources:            { CLK100MHZ }

Check Type        Corner  Lib Pin      Reference Pin  Required(ns)  Actual(ns)  Slack(ns)  Location  Pin
Min Period        n/a     DSP48E1/CLK  n/a            3.272         20.000      16.728               u_soc/u_kyber_axi/C/ntt/BU/M0/u_mult/product_reg_reg/CLK
Low Pulse Width   Slow    RAMD32/CLK   n/a            1.130         10.000      8.870                u_soc/cpu/cpuregs_reg_r1_0_31_0_5/RAMA/CLK
High Pulse Width  Slow    RAMD32/CLK   n/a            1.130         10.000      8.870                u_soc/cpu/cpuregs_reg_r1_0_31_0_5/RAMA/CLK



---------------------------------------------------------------------------------------------------
Path Group:  **async_default**
From Clock:  CLK100MHZ
  To Clock:  CLK100MHZ

Setup :            0  Failing Endpoints,  Worst Slack       17.138ns,  Total Violation        0.000ns
Hold  :            0  Failing Endpoints,  Worst Slack        0.343ns,  Total Violation        0.000ns
---------------------------------------------------------------------------------------------------


Max Delay Paths
--------------------------------------------------------------------------------------
Slack (MET) :             17.138ns  (required time - arrival time)
  Source:                 u_soc/u_kyber_axi/FSM_onehot_launch_state_reg[2]/C
                            (rising edge-triggered cell FDRE clocked by CLK100MHZ  {rise@0.000ns fall@10.000ns period=20.000ns})
  Destination:            u_soc/u_kyber_axi/C/hash/sponge/algo_inst/state_q_reg[0]/CLR
                            (recovery check against rising-edge clock CLK100MHZ  {rise@0.000ns fall@10.000ns period=20.000ns})
  Path Group:             **async_default**
  Path Type:              Recovery (Max at Slow Process Corner)
  Requirement:            20.000ns  (CLK100MHZ rise@20.000ns - CLK100MHZ rise@0.000ns)
  Data Path Delay:        2.395ns  (logic 0.734ns (30.647%)  route 1.661ns (69.353%))
  Logic Levels:           2  (LUT1=1 LUT2=1)
  Clock Path Skew:        -0.145ns (DCD - SCD + CPR)
    Destination Clock Delay (DCD):    2.456ns = ( 22.456 - 20.000 ) 
    Source Clock Delay      (SCD):    2.707ns
    Clock Pessimism Removal (CPR):    0.106ns
  Clock Uncertainty:      0.035ns  ((TSJ^2 + TIJ^2)^1/2 + DJ) / 2 + PE
    Total System Jitter     (TSJ):    0.071ns
    Total Input Jitter      (TIJ):    0.000ns
    Discrete Jitter          (DJ):    0.000ns
    Phase Error              (PE):    0.000ns

    Location             Delay type                Incr(ns)  Path(ns)    Netlist Resource(s)
  -------------------------------------------------------------------    -------------------
                         (clock CLK100MHZ rise edge)
                                                      0.000     0.000 r  <hidden>
    N18                                               0.000     0.000 r  CLK100MHZ
                         net (fo=0)                   0.000     0.000    CLK100MHZ
    N18                  IBUF (Prop_ibuf_I_O)         1.392     1.392 r  CLK100MHZ_IBUF_inst/O
                         net (fo=1, unplaced)         0.646     2.038    CLK100MHZ_IBUF
                         BUFG (Prop_bufg_I_O)         0.085     2.123 r  CLK100MHZ_IBUF_BUFG_inst/O
                         net (fo=26296, unplaced)     0.584     2.707    u_soc/u_kyber_axi/CLK100MHZ_IBUF_BUFG
                         FDRE                                         r  u_soc/u_kyber_axi/FSM_onehot_launch_state_reg[2]/C
  -------------------------------------------------------------------    -------------------
                         FDRE (Prop_fdre_C_Q)         0.397     3.104 r  u_soc/u_kyber_axi/FSM_onehot_launch_state_reg[2]/Q
                         net (fo=5, unplaced)         0.390     3.494    u_soc/u_kyber_axi/C/hash/sponge/algo_inst/auto_squeeze_perm_reg
                         LUT2 (Prop_lut2_I0_O)        0.232     3.726 r  u_soc/u_kyber_axi/C/hash/sponge/algo_inst/have_block_i_1/O
                         net (fo=1852, unplaced)      0.487     4.213    u_soc/u_kyber_axi/C/hash/sponge/algo_inst/FSM_onehot_launch_state_reg[2]
                         LUT1 (Prop_lut1_I0_O)        0.105     4.318 f  u_soc/u_kyber_axi/C/hash/sponge/algo_inst/state_q[1599]_i_2/O
                         net (fo=1600, unplaced)      0.784     5.102    u_soc/u_kyber_axi/C/hash/sponge/algo_inst/state_q[1599]_i_2_n_1
                         FDCE                                         f  u_soc/u_kyber_axi/C/hash/sponge/algo_inst/state_q_reg[0]/CLR
  -------------------------------------------------------------------    -------------------

                         (clock CLK100MHZ rise edge)
                                                     20.000    20.000 r  <hidden>
    N18                                               0.000    20.000 r  CLK100MHZ
                         net (fo=0)                   0.000    20.000    CLK100MHZ
    N18                  IBUF (Prop_ibuf_I_O)         1.327    21.327 r  CLK100MHZ_IBUF_inst/O
                         net (fo=1, unplaced)         0.613    21.940    CLK100MHZ_IBUF
                         BUFG (Prop_bufg_I_O)         0.077    22.017 r  CLK100MHZ_IBUF_BUFG_inst/O
                         net (fo=26296, unplaced)     0.439    22.456    u_soc/u_kyber_axi/C/hash/sponge/algo_inst/CLK100MHZ_IBUF_BUFG
                         FDCE                                         r  u_soc/u_kyber_axi/C/hash/sponge/algo_inst/state_q_reg[0]/C
                         clock pessimism              0.106    22.562    <hidden>
                         clock uncertainty           -0.035    22.526    <hidden>
                         FDCE (Recov_fdce_C_CLR)     -0.287    22.239    u_soc/u_kyber_axi/C/hash/sponge/algo_inst/state_q_reg[0]
  -------------------------------------------------------------------
                         required time                         22.239    <hidden>
                         arrival time                          -5.102    <hidden>
  -------------------------------------------------------------------
                         slack                                 17.138    <hidden>





Min Delay Paths
--------------------------------------------------------------------------------------
Slack (MET) :             0.343ns  (arrival time - required time)
  Source:                 por_done_reg/C
                            (rising edge-triggered cell FDRE clocked by CLK100MHZ  {rise@0.000ns fall@10.000ns period=20.000ns})
  Destination:            u_keccak_shared/sponge/algo_inst/state_q_reg[0]/CLR
                            (removal check against rising-edge clock CLK100MHZ  {rise@0.000ns fall@10.000ns period=20.000ns})
  Path Group:             **async_default**
  Path Type:              Removal (Min at Fast Process Corner)
  Requirement:            0.000ns  (CLK100MHZ rise@0.000ns - CLK100MHZ rise@0.000ns)
  Data Path Delay:        0.347ns  (logic 0.147ns (42.321%)  route 0.200ns (57.679%))
  Logic Levels:           0  
  Clock Path Skew:        0.145ns (DCD - SCD - CPR)
    Destination Clock Delay (DCD):    1.042ns
    Source Clock Delay      (SCD):    0.689ns
    Clock Pessimism Removal (CPR):    0.208ns

    Location             Delay type                Incr(ns)  Path(ns)    Netlist Resource(s)
  -------------------------------------------------------------------    -------------------
                         (clock CLK100MHZ rise edge)
                                                      0.000     0.000 r  <hidden>
    N18                                               0.000     0.000 r  CLK100MHZ
                         net (fo=0)                   0.000     0.000    CLK100MHZ
    N18                  IBUF (Prop_ibuf_I_O)         0.229     0.229 r  CLK100MHZ_IBUF_inst/O
                         net (fo=1, unplaced)         0.320     0.549    CLK100MHZ_IBUF
                         BUFG (Prop_bufg_I_O)         0.026     0.575 r  CLK100MHZ_IBUF_BUFG_inst/O
                         net (fo=26296, unplaced)     0.114     0.689    CLK100MHZ_IBUF_BUFG
                         FDRE                                         r  por_done_reg/C
  -------------------------------------------------------------------    -------------------
                         FDRE (Prop_fdre_C_Q)         0.147     0.836 f  por_done_reg/Q
                         net (fo=1722, unplaced)      0.200     1.037    u_keccak_shared/sponge/algo_inst/por_done
                         FDCE                                         f  u_keccak_shared/sponge/algo_inst/state_q_reg[0]/CLR
  -------------------------------------------------------------------    -------------------

                         (clock CLK100MHZ rise edge)
                                                      0.000     0.000 r  <hidden>
    N18                                               0.000     0.000 r  CLK100MHZ
                         net (fo=0)                   0.000     0.000    CLK100MHZ
    N18                  IBUF (Prop_ibuf_I_O)         0.417     0.417 r  CLK100MHZ_IBUF_inst/O
                         net (fo=1, unplaced)         0.337     0.754    CLK100MHZ_IBUF
                         BUFG (Prop_bufg_I_O)         0.029     0.783 r  CLK100MHZ_IBUF_BUFG_inst/O
                         net (fo=26296, unplaced)     0.259     1.042    u_keccak_shared/sponge/algo_inst/CLK100MHZ_IBUF_BUFG
                         FDCE                                         r  u_keccak_shared/sponge/algo_inst/state_q_reg[0]/C
                         clock pessimism             -0.208     0.834    <hidden>
                         FDCE (Remov_fdce_C_CLR)     -0.141     0.693    u_keccak_shared/sponge/algo_inst/state_q_reg[0]
  -------------------------------------------------------------------
                         required time                         -0.693    <hidden>
                         arrival time                           1.037    <hidden>
  -------------------------------------------------------------------
                         slack                                  0.343    <hidden>





