Copyright 1986-2022 Xilinx, Inc. All Rights Reserved. Copyright 2022-2026 Advanced Micro Devices, Inc. All Rights Reserved.
---------------------------------------------------------------------------------------------------------------------------------------------
| Tool Version : Vivado v.2026.1 (lin64) Build 6511674 Tue Jun 16 11:01:26 MDT 2026
| Date         : Thu Sep 17 09:13:24 2026
| Host         : minh-bui-Dell-G15-5511 running 64-bit Ubuntu 26.04 LTS
| Command      : report_timing_summary -file /home/minh-bui/Desktop/arty_a7_test/reports/post_route_timing.rpt
| Design       : Kyber_System_Top
| Device       : 7z020-clg400
| Speed File   : -2  PRODUCTION 1.12 2019-11-22
| Design State : Routed
---------------------------------------------------------------------------------------------------------------------------------------------

Timing Summary Report

------------------------------------------------------------------------------------------------
| Timer Settings
| --------------
------------------------------------------------------------------------------------------------

  Enable Multi Corner Analysis               :  Yes
  Enable Pessimism Removal                   :  Yes
  Pessimism Removal Resolution               :  Nearest Common Node
  Enable Input Delay Default Clock           :  No
  Enable Preset / Clear Arcs                 :  No
  Disable Flight Delays                      :  No
  Ignore I/O Paths                           :  No
  Timing Early Launch at Borrowing Latches   :  No
  Borrow Time for Max Delay Exceptions       :  Yes
  Merge Timing Exceptions                    :  Yes
  Inter-SLR Compensation                     :  Conservative

  Corner  Analyze    Analyze    
  Name    Max Paths  Min Paths  
  ------  ---------  ---------  
  Slow    Yes        Yes        
  Fast    Yes        Yes        


------------------------------------------------------------------------------------------------
| Report Methodology
| ------------------
------------------------------------------------------------------------------------------------

Rule       Severity          Description                                 Violations  
---------  ----------------  ------------------------------------------  ----------  
TIMING-17  Critical Warning  Non-clocked sequential cell                 72          
LUTAR-1    Warning           LUT drives async reset alert                1           
SYNTH-6    Warning           Timing of a RAM block might be sub-optimal  34          
TIMING-18  Warning           Missing input or output delay               4           
TIMING-23  Warning           Combinational loop found                    32          

Note: This report is based on the most recent report_methodology run and may not be up-to-date. Run report_methodology on the current design for the latest report.



check_timing report

Table of Contents
-----------------
1. checking no_clock (360)
2. checking constant_clock (0)
3. checking pulse_width_clock (0)
4. checking unconstrained_internal_endpoints (206)
5. checking no_input_delay (1)
6. checking no_output_delay (3)
7. checking multiple_clock (0)
8. checking generated_clocks (0)
9. checking loops (32)
10. checking partial_input_delay (0)
11. checking partial_output_delay (0)
12. checking latch_loops (0)

1. checking no_clock (360)
--------------------------
 There are 72 register/latch pins with no clock driven by root clock pin: u_puf/ctrl_inst/FSM_onehot_state_reg[3]/Q (HIGH)

 There are 36 register/latch pins with no clock driven by root clock pin: u_puf/lfsr_inst/r_lfsr_reg[1]/Q (HIGH)

 There are 36 register/latch pins with no clock driven by root clock pin: u_puf/lfsr_inst/r_lfsr_reg[2]/Q (HIGH)

 There are 36 register/latch pins with no clock driven by root clock pin: u_puf/lfsr_inst/r_lfsr_reg[3]/Q (HIGH)

 There are 36 register/latch pins with no clock driven by root clock pin: u_puf/lfsr_inst/r_lfsr_reg[4]/Q (HIGH)

 There are 36 register/latch pins with no clock driven by root clock pin: u_puf/lfsr_inst/r_lfsr_reg[5]/Q (HIGH)

 There are 36 register/latch pins with no clock driven by root clock pin: u_puf/lfsr_inst/r_lfsr_reg[6]/Q (HIGH)

 There are 36 register/latch pins with no clock driven by root clock pin: u_puf/lfsr_inst/r_lfsr_reg[7]/Q (HIGH)

 There are 36 register/latch pins with no clock driven by root clock pin: u_puf/lfsr_inst/r_lfsr_reg[8]/Q (HIGH)


2. checking constant_clock (0)
------------------------------
 There are 0 register/latch pins with constant_clock.


3. checking pulse_width_clock (0)
---------------------------------
 There are 0 register/latch pins which need pulse_width check


4. checking unconstrained_internal_endpoints (206)
--------------------------------------------------
 There are 206 pins that are not constrained for maximum delay. (HIGH)

 There are 0 pins that are not constrained for maximum delay due to constant clock.


5. checking no_input_delay (1)
------------------------------
 There is 1 input port with no input delay specified. (HIGH)

 There are 0 input ports with no input delay but user has a false path constraint.


6. checking no_output_delay (3)
-------------------------------
 There are 3 ports with no output delay specified. (HIGH)

 There are 0 ports with no output delay but user has a false path constraint

 There are 0 ports with no output delay but with a timing clock defined on it or propagating through it


7. checking multiple_clock (0)
------------------------------
 There are 0 register/latch pins with multiple clocks.


8. checking generated_clocks (0)
--------------------------------
 There are 0 generated clocks that are not connected to a clock source.


9. checking loops (32)
----------------------
 There are 32 combinational loops in the design. (HIGH)


10. checking partial_input_delay (0)
------------------------------------
 There are 0 input ports with partial input delay specified.


11. checking partial_output_delay (0)
-------------------------------------
 There are 0 ports with partial output delay specified.


12. checking latch_loops (0)
----------------------------
 There are 0 combinational latch loops in the design through latch input



------------------------------------------------------------------------------------------------
| Design Timing Summary
| ---------------------
------------------------------------------------------------------------------------------------

    WNS(ns)      TNS(ns)  TNS Failing Endpoints  TNS Total Endpoints      WHS(ns)      THS(ns)  THS Failing Endpoints  THS Total Endpoints     WPWS(ns)     TPWS(ns)  TPWS Failing Endpoints  TPWS Total Endpoints  
    -------      -------  ---------------------  -------------------      -------      -------  ---------------------  -------------------     --------     --------  ----------------------  --------------------  
      5.691        0.000                      0                69442        0.034        0.000                      0                69442        8.870        0.000                       0                 26264  


All user specified timing constraints are met.


------------------------------------------------------------------------------------------------
| Clock Summary
| -------------
------------------------------------------------------------------------------------------------

Clock      Waveform(ns)       Period(ns)      Frequency(MHz)
-----      ------------       ----------      --------------
CLK100MHZ  {0.000 10.000}     20.000          50.000          


------------------------------------------------------------------------------------------------
| Intra Clock Table
| -----------------
------------------------------------------------------------------------------------------------

Clock             WNS(ns)      TNS(ns)  TNS Failing Endpoints  TNS Total Endpoints      WHS(ns)      THS(ns)  THS Failing Endpoints  THS Total Endpoints     WPWS(ns)     TPWS(ns)  TPWS Failing Endpoints  TPWS Total Endpoints  
-----             -------      -------  ---------------------  -------------------      -------      -------  ---------------------  -------------------     --------     --------  ----------------------  --------------------  
CLK100MHZ           5.691        0.000                      0                63219        0.034        0.000                      0                63219        8.870        0.000                       0                 26264  


------------------------------------------------------------------------------------------------
| Inter Clock Table
| -----------------
------------------------------------------------------------------------------------------------

From Clock    To Clock          WNS(ns)      TNS(ns)  TNS Failing Endpoints  TNS Total Endpoints      WHS(ns)      THS(ns)  THS Failing Endpoints  THS Total Endpoints  
----------    --------          -------      -------  ---------------------  -------------------      -------      -------  ---------------------  -------------------  


------------------------------------------------------------------------------------------------
| Other Path Groups Table
| -----------------------
------------------------------------------------------------------------------------------------

Path Group         From Clock         To Clock               WNS(ns)      TNS(ns)  TNS Failing Endpoints  TNS Total Endpoints      WHS(ns)      THS(ns)  THS Failing Endpoints  THS Total Endpoints  
----------         ----------         --------               -------      -------  ---------------------  -------------------      -------      -------  ---------------------  -------------------  
**async_default**  CLK100MHZ          CLK100MHZ                8.526        0.000                      0                 6223        0.652        0.000                      0                 6223  


------------------------------------------------------------------------------------------------
| Timing Details
| --------------
------------------------------------------------------------------------------------------------


---------------------------------------------------------------------------------------------------
From Clock:  CLK100MHZ
  To Clock:  CLK100MHZ

Setup :            0  Failing Endpoints,  Worst Slack        5.691ns,  Total Violation        0.000ns
Hold  :            0  Failing Endpoints,  Worst Slack        0.034ns,  Total Violation        0.000ns
PW    :            0  Failing Endpoints,  Worst Slack        8.870ns,  Total Violation        0.000ns
---------------------------------------------------------------------------------------------------


Max Delay Paths
--------------------------------------------------------------------------------------
Slack (MET) :             5.691ns  (required time - arrival time)
  Source:                 u_soc/u_kyber_axi/C/hash/ofifo1_inst/inst/wr_ptr_reg[4]/C
                            (rising edge-triggered cell FDRE clocked by CLK100MHZ  {rise@0.000ns fall@10.000ns period=20.000ns})
  Destination:            u_soc/u_kyber_axi/C/hash/sponge/block_reg_reg[768]/CE
                            (rising edge-triggered cell FDRE clocked by CLK100MHZ  {rise@0.000ns fall@10.000ns period=20.000ns})
  Path Group:             CLK100MHZ
  Path Type:              Setup (Max at Slow Process Corner)
  Requirement:            20.000ns  (CLK100MHZ rise@20.000ns - CLK100MHZ rise@0.000ns)
  Data Path Delay:        14.011ns  (logic 2.052ns (14.646%)  route 11.959ns (85.354%))
  Logic Levels:           13  (LUT3=2 LUT4=2 LUT5=5 LUT6=4)
  Clock Path Skew:        -0.127ns (DCD - SCD + CPR)
    Destination Clock Delay (DCD):    4.394ns = ( 24.394 - 20.000 ) 
    Source Clock Delay      (SCD):    4.778ns
    Clock Pessimism Removal (CPR):    0.258ns
  Clock Uncertainty:      0.035ns  ((TSJ^2 + TIJ^2)^1/2 + DJ) / 2 + PE
    Total System Jitter     (TSJ):    0.071ns
    Total Input Jitter      (TIJ):    0.000ns
    Discrete Jitter          (DJ):    0.000ns
    Phase Error              (PE):    0.000ns

    Location             Delay type                Incr(ns)  Path(ns)    Netlist Resource(s)
  -------------------------------------------------------------------    -------------------
                         (clock CLK100MHZ rise edge)
                                                      0.000     0.000 r  <hidden>
    N18                                               0.000     0.000 r  CLK100MHZ
                         net (fo=0)                   0.000     0.000    CLK100MHZ
    N18                  IBUF (Prop_ibuf_I_O)         1.392     1.392 r  CLK100MHZ_IBUF_inst/O
                         net (fo=1, routed)           1.873     3.265    CLK100MHZ_IBUF
    BUFGCTRL_X0Y16       BUFG (Prop_bufg_I_O)         0.085     3.350 r  CLK100MHZ_IBUF_BUFG_inst/O
                         net (fo=26263, routed)       1.428     4.778    u_soc/u_kyber_axi/C/hash/ofifo1_inst/inst/CLK100MHZ_IBUF_BUFG
    SLICE_X26Y55         FDRE                                         r  u_soc/u_kyber_axi/C/hash/ofifo1_inst/inst/wr_ptr_reg[4]/C
  -------------------------------------------------------------------    -------------------
    SLICE_X26Y55         FDRE (Prop_fdre_C_Q)         0.398     5.176 r  u_soc/u_kyber_axi/C/hash/ofifo1_inst/inst/wr_ptr_reg[4]/Q
                         net (fo=8, routed)           0.694     5.870    u_soc/u_kyber_axi/C/hash/ofifo1_inst/inst/wr_ptr_reg_n_1_[4]
    SLICE_X26Y57         LUT4 (Prop_lut4_I0_O)        0.235     6.105 r  u_soc/u_kyber_axi/C/hash/ofifo1_inst/inst/mem_reg_i_58/O
                         net (fo=1, routed)           0.466     6.571    u_soc/u_kyber_axi/C/hash/ofifo1_inst/inst/mem_reg_i_58_n_1
    SLICE_X26Y57         LUT5 (Prop_lut5_I4_O)        0.105     6.676 r  u_soc/u_kyber_axi/C/hash/ofifo1_inst/inst/mem_reg_i_57/O
                         net (fo=1, routed)           0.315     6.991    u_soc/u_kyber_axi/C/hash/ofifo1_inst/inst/mem_reg_i_57_n_1
    SLICE_X27Y57         LUT6 (Prop_lut6_I5_O)        0.105     7.096 r  u_soc/u_kyber_axi/C/hash/ofifo1_inst/inst/mem_reg_i_55/O
                         net (fo=8, routed)           1.058     8.155    u_soc/u_kyber_axi/C/hash/ofifo1_inst/inst/wr_ptr1
    SLICE_X34Y74         LUT5 (Prop_lut5_I0_O)        0.105     8.260 r  u_soc/u_kyber_axi/C/hash/ofifo1_inst/inst/state[5]_i_6/O
                         net (fo=4, routed)           0.631     8.891    u_soc/u_kyber_axi/C/hash/ofifo1_inst/inst/eta3_bit_reg
    SLICE_X31Y76         LUT5 (Prop_lut5_I4_O)        0.264     9.155 f  u_soc/u_kyber_axi/C/hash/ofifo1_inst/inst/state[3]_i_6/O
                         net (fo=1, routed)           0.335     9.490    u_soc/u_kyber_axi/C/hash/ofifo1_inst/inst/state[3]_i_6_n_1
    SLICE_X29Y76         LUT5 (Prop_lut5_I0_O)        0.105     9.595 f  u_soc/u_kyber_axi/C/hash/ofifo1_inst/inst/state[3]_i_4__0/O
                         net (fo=1, routed)           0.113     9.707    u_soc/u_kyber_axi/C/hash/ofifo1_inst/inst/state[3]_i_4__0_n_1
    SLICE_X29Y76         LUT5 (Prop_lut5_I4_O)        0.105     9.812 r  u_soc/u_kyber_axi/C/hash/ofifo1_inst/inst/state[3]_i_1__1/O
                         net (fo=5, routed)           0.973    10.785    u_soc/u_kyber_axi/C/hash/ofifo1_inst/inst/state_reg[4]_0
    SLICE_X32Y75         LUT6 (Prop_lut6_I1_O)        0.105    10.890 f  u_soc/u_kyber_axi/C/hash/ofifo1_inst/inst/squeeze_ctr[5]_i_7/O
                         net (fo=1, routed)           0.612    11.502    u_soc/u_kyber_axi/C/hash/ofifo1_inst/inst/squeeze_ctr[5]_i_7_n_1
    SLICE_X30Y75         LUT3 (Prop_lut3_I0_O)        0.105    11.607 f  u_soc/u_kyber_axi/C/hash/ofifo1_inst/inst/squeeze_ctr[5]_i_4/O
                         net (fo=2, routed)           0.543    12.150    u_soc/u_kyber_axi/C/hash/sponge/squeeze_init_early
    SLICE_X33Y78         LUT6 (Prop_lut6_I2_O)        0.105    12.255 r  u_soc/u_kyber_axi/C/hash/sponge/squeeze_ctr[5]_i_2/O
                         net (fo=45, routed)          1.441    13.697    u_soc/u_kyber_axi/C/hash/sponge/keccak_squeeze
    SLICE_X56Y77         LUT3 (Prop_lut3_I1_O)        0.105    13.802 r  u_soc/u_kyber_axi/C/hash/sponge/block_reg[766]_i_5__0/O
                         net (fo=123, routed)         0.643    14.444    u_soc/u_kyber_axi/C/hash/sponge/block_reg[766]_i_5__0_n_1
    SLICE_X44Y76         LUT6 (Prop_lut6_I4_O)        0.105    14.549 f  u_soc/u_kyber_axi/C/hash/sponge/block_reg[1599]_i_4/O
                         net (fo=84, routed)          2.683    17.232    u_soc/u_kyber_axi/C/hash/sponge/block_reg[1599]_i_4_n_1
    SLICE_X96Y115        LUT4 (Prop_lut4_I3_O)        0.105    17.337 r  u_soc/u_kyber_axi/C/hash/sponge/block_reg[799]_i_1/O
                         net (fo=32, routed)          1.452    18.789    u_soc/u_kyber_axi/C/hash/sponge/block_reg[799]_i_1_n_1
    SLICE_X66Y93         FDRE                                         r  u_soc/u_kyber_axi/C/hash/sponge/block_reg_reg[768]/CE
  -------------------------------------------------------------------    -------------------

                         (clock CLK100MHZ rise edge)
                                                     20.000    20.000 r  <hidden>
    N18                                               0.000    20.000 r  CLK100MHZ
                         net (fo=0)                   0.000    20.000    CLK100MHZ
    N18                  IBUF (Prop_ibuf_I_O)         1.327    21.327 r  CLK100MHZ_IBUF_inst/O
                         net (fo=1, routed)           1.701    23.028    CLK100MHZ_IBUF
    BUFGCTRL_X0Y16       BUFG (Prop_bufg_I_O)         0.077    23.105 r  CLK100MHZ_IBUF_BUFG_inst/O
                         net (fo=26263, routed)       1.289    24.394    u_soc/u_kyber_axi/C/hash/sponge/CLK100MHZ_IBUF_BUFG
    SLICE_X66Y93         FDRE                                         r  u_soc/u_kyber_axi/C/hash/sponge/block_reg_reg[768]/C
                         clock pessimism              0.258    24.651    <hidden>
                         clock uncertainty           -0.035    24.616    <hidden>
    SLICE_X66Y93         FDRE (Setup_fdre_C_CE)      -0.136    24.480    u_soc/u_kyber_axi/C/hash/sponge/block_reg_reg[768]
  -------------------------------------------------------------------
                         required time                         24.480    <hidden>
                         arrival time                         -18.789    <hidden>
  -------------------------------------------------------------------
                         slack                                  5.691    <hidden>





Min Delay Paths
--------------------------------------------------------------------------------------
Slack (MET) :             0.034ns  (arrival time - required time)
  Source:                 u_soc/u_kyber_axi/S/m_reg[85]/C
                            (rising edge-triggered cell FDRE clocked by CLK100MHZ  {rise@0.000ns fall@10.000ns period=20.000ns})
  Destination:            u_soc/u_kyber_axi/S/m_reg[83]/D
                            (rising edge-triggered cell FDRE clocked by CLK100MHZ  {rise@0.000ns fall@10.000ns period=20.000ns})
  Path Group:             CLK100MHZ
  Path Type:              Hold (Min at Fast Process Corner)
  Requirement:            0.000ns  (CLK100MHZ rise@0.000ns - CLK100MHZ rise@0.000ns)
  Data Path Delay:        0.404ns  (logic 0.231ns (57.244%)  route 0.173ns (42.756%))
  Logic Levels:           1  (LUT3=1)
  Clock Path Skew:        0.262ns (DCD - SCD - CPR)
    Destination Clock Delay (DCD):    2.002ns
    Source Clock Delay      (SCD):    1.492ns
    Clock Pessimism Removal (CPR):    0.248ns

    Location             Delay type                Incr(ns)  Path(ns)    Netlist Resource(s)
  -------------------------------------------------------------------    -------------------
                         (clock CLK100MHZ rise edge)
                                                      0.000     0.000 r  <hidden>
    N18                                               0.000     0.000 r  CLK100MHZ
                         net (fo=0)                   0.000     0.000    CLK100MHZ
    N18                  IBUF (Prop_ibuf_I_O)         0.229     0.229 r  CLK100MHZ_IBUF_inst/O
                         net (fo=1, routed)           0.674     0.903    CLK100MHZ_IBUF
    BUFGCTRL_X0Y16       BUFG (Prop_bufg_I_O)         0.026     0.929 r  CLK100MHZ_IBUF_BUFG_inst/O
                         net (fo=26263, routed)       0.563     1.492    u_soc/u_kyber_axi/S/CLK100MHZ_IBUF_BUFG
    SLICE_X40Y49         FDRE                                         r  u_soc/u_kyber_axi/S/m_reg[85]/C
  -------------------------------------------------------------------    -------------------
    SLICE_X40Y49         FDRE (Prop_fdre_C_Q)         0.128     1.620 r  u_soc/u_kyber_axi/S/m_reg[85]/Q
                         net (fo=2, routed)           0.173     1.793    u_soc/u_kyber_axi/S/ntt/S4/inst/m_reg[223][85]
    SLICE_X40Y50         LUT3 (Prop_lut3_I2_O)        0.103     1.896 r  u_soc/u_kyber_axi/S/ntt/S4/inst/m[83]_i_1__0/O
                         net (fo=1, routed)           0.000     1.896    u_soc/u_kyber_axi/S/ntt_n_293
    SLICE_X40Y50         FDRE                                         r  u_soc/u_kyber_axi/S/m_reg[83]/D
  -------------------------------------------------------------------    -------------------

                         (clock CLK100MHZ rise edge)
                                                      0.000     0.000 r  <hidden>
    N18                                               0.000     0.000 r  CLK100MHZ
                         net (fo=0)                   0.000     0.000    CLK100MHZ
    N18                  IBUF (Prop_ibuf_I_O)         0.417     0.417 r  CLK100MHZ_IBUF_inst/O
                         net (fo=1, routed)           0.731     1.148    CLK100MHZ_IBUF
    BUFGCTRL_X0Y16       BUFG (Prop_bufg_I_O)         0.029     1.177 r  CLK100MHZ_IBUF_BUFG_inst/O
                         net (fo=26263, routed)       0.825     2.002    u_soc/u_kyber_axi/S/CLK100MHZ_IBUF_BUFG
    SLICE_X40Y50         FDRE                                         r  u_soc/u_kyber_axi/S/m_reg[83]/C
                         clock pessimism             -0.248     1.754    <hidden>
    SLICE_X40Y50         FDRE (Hold_fdre_C_D)         0.107     1.861    u_soc/u_kyber_axi/S/m_reg[83]
  -------------------------------------------------------------------
                         required time                         -1.861    <hidden>
                         arrival time                           1.896    <hidden>
  -------------------------------------------------------------------
                         slack                                  0.034    <hidden>





Pulse Width Checks
--------------------------------------------------------------------------------------
Clock Name:         CLK100MHZ
Waveform(ns):       { 0.000 10.000 }
Period(ns):         20.000
Sources:            { CLK100MHZ }

Check Type        Corner  Lib Pin      Reference Pin  Required(ns)  Actual(ns)  Slack(ns)  Location      Pin
Min Period        n/a     DSP48E1/CLK  n/a            3.272         20.000      16.728     DSP48_X0Y16   u_soc/u_kyber_axi/C/ntt/BU/M0/u_mult/product_reg_reg/CLK
Low Pulse Width   Slow    RAMD32/CLK   n/a            1.130         10.000      8.870      SLICE_X86Y60  u_soc/cpu/cpuregs_reg_r1_0_31_0_5/RAMA/CLK
High Pulse Width  Slow    RAMD32/CLK   n/a            1.130         10.000      8.870      SLICE_X86Y60  u_soc/cpu/cpuregs_reg_r1_0_31_0_5/RAMA/CLK



---------------------------------------------------------------------------------------------------
Path Group:  **async_default**
From Clock:  CLK100MHZ
  To Clock:  CLK100MHZ

Setup :            0  Failing Endpoints,  Worst Slack        8.526ns,  Total Violation        0.000ns
Hold  :            0  Failing Endpoints,  Worst Slack        0.652ns,  Total Violation        0.000ns
---------------------------------------------------------------------------------------------------


Max Delay Paths
--------------------------------------------------------------------------------------
Slack (MET) :             8.526ns  (required time - arrival time)
  Source:                 por_done_reg/C
                            (rising edge-triggered cell FDRE clocked by CLK100MHZ  {rise@0.000ns fall@10.000ns period=20.000ns})
  Destination:            u_kdf/key_shift_reg[21]/CLR
                            (recovery check against rising-edge clock CLK100MHZ  {rise@0.000ns fall@10.000ns period=20.000ns})
  Path Group:             **async_default**
  Path Type:              Recovery (Max at Slow Process Corner)
  Requirement:            20.000ns  (CLK100MHZ rise@20.000ns - CLK100MHZ rise@0.000ns)
  Data Path Delay:        10.921ns  (logic 0.484ns (4.432%)  route 10.437ns (95.568%))
  Logic Levels:           1  (LUT1=1)
  Clock Path Skew:        -0.187ns (DCD - SCD + CPR)
    Destination Clock Delay (DCD):    4.416ns = ( 24.416 - 20.000 ) 
    Source Clock Delay      (SCD):    4.945ns
    Clock Pessimism Removal (CPR):    0.342ns
  Clock Uncertainty:      0.035ns  ((TSJ^2 + TIJ^2)^1/2 + DJ) / 2 + PE
    Total System Jitter     (TSJ):    0.071ns
    Total Input Jitter      (TIJ):    0.000ns
    Discrete Jitter          (DJ):    0.000ns
    Phase Error              (PE):    0.000ns

    Location             Delay type                Incr(ns)  Path(ns)    Netlist Resource(s)
  -------------------------------------------------------------------    -------------------
                         (clock CLK100MHZ rise edge)
                                                      0.000     0.000 r  <hidden>
    N18                                               0.000     0.000 r  CLK100MHZ
                         net (fo=0)                   0.000     0.000    CLK100MHZ
    N18                  IBUF (Prop_ibuf_I_O)         1.392     1.392 r  CLK100MHZ_IBUF_inst/O
                         net (fo=1, routed)           1.873     3.265    CLK100MHZ_IBUF
    BUFGCTRL_X0Y16       BUFG (Prop_bufg_I_O)         0.085     3.350 r  CLK100MHZ_IBUF_BUFG_inst/O
                         net (fo=26263, routed)       1.595     4.945    CLK100MHZ_IBUF_BUFG
    SLICE_X113Y46        FDRE                                         r  por_done_reg/C
  -------------------------------------------------------------------    -------------------
    SLICE_X113Y46        FDRE (Prop_fdre_C_Q)         0.379     5.324 r  por_done_reg/Q
                         net (fo=1690, routed)        0.803     6.128    u_fe/por_done
    SLICE_X111Y48        LUT1 (Prop_lut1_I0_O)        0.105     6.233 f  u_fe/FSM_sequential_mem_state[1]_i_1/O
                         net (fo=3702, routed)        9.634    15.866    u_kdf/clear_prefetched_high_word2
    SLICE_X84Y49         FDCE                                         f  u_kdf/key_shift_reg[21]/CLR
  -------------------------------------------------------------------    -------------------

                         (clock CLK100MHZ rise edge)
                                                     20.000    20.000 r  <hidden>
    N18                                               0.000    20.000 r  CLK100MHZ
                         net (fo=0)                   0.000    20.000    CLK100MHZ
    N18                  IBUF (Prop_ibuf_I_O)         1.327    21.327 r  CLK100MHZ_IBUF_inst/O
                         net (fo=1, routed)           1.701    23.028    CLK100MHZ_IBUF
    BUFGCTRL_X0Y16       BUFG (Prop_bufg_I_O)         0.077    23.105 r  CLK100MHZ_IBUF_BUFG_inst/O
                         net (fo=26263, routed)       1.312    24.416    u_kdf/CLK100MHZ_IBUF_BUFG
    SLICE_X84Y49         FDCE                                         r  u_kdf/key_shift_reg[21]/C
                         clock pessimism              0.342    24.758    <hidden>
                         clock uncertainty           -0.035    24.723    <hidden>
    SLICE_X84Y49         FDCE (Recov_fdce_C_CLR)     -0.331    24.392    u_kdf/key_shift_reg[21]
  -------------------------------------------------------------------
                         required time                         24.392    <hidden>
                         arrival time                         -15.866    <hidden>
  -------------------------------------------------------------------
                         slack                                  8.526    <hidden>





Min Delay Paths
--------------------------------------------------------------------------------------
Slack (MET) :             0.652ns  (arrival time - required time)
  Source:                 por_done_reg/C
                            (rising edge-triggered cell FDRE clocked by CLK100MHZ  {rise@0.000ns fall@10.000ns period=20.000ns})
  Destination:            u_fe/word_cnt_reg[4]/CLR
                            (removal check against rising-edge clock CLK100MHZ  {rise@0.000ns fall@10.000ns period=20.000ns})
  Path Group:             **async_default**
  Path Type:              Removal (Min at Fast Process Corner)
  Requirement:            0.000ns  (CLK100MHZ rise@0.000ns - CLK100MHZ rise@0.000ns)
  Data Path Delay:        0.828ns  (logic 0.186ns (22.472%)  route 0.642ns (77.528%))
  Logic Levels:           1  (LUT1=1)
  Clock Path Skew:        0.267ns (DCD - SCD - CPR)
    Destination Clock Delay (DCD):    2.086ns
    Source Clock Delay      (SCD):    1.571ns
    Clock Pessimism Removal (CPR):    0.248ns

    Location             Delay type                Incr(ns)  Path(ns)    Netlist Resource(s)
  -------------------------------------------------------------------    -------------------
                         (clock CLK100MHZ rise edge)
                                                      0.000     0.000 r  <hidden>
    N18                                               0.000     0.000 r  CLK100MHZ
                         net (fo=0)                   0.000     0.000    CLK100MHZ
    N18                  IBUF (Prop_ibuf_I_O)         0.229     0.229 r  CLK100MHZ_IBUF_inst/O
                         net (fo=1, routed)           0.674     0.903    CLK100MHZ_IBUF
    BUFGCTRL_X0Y16       BUFG (Prop_bufg_I_O)         0.026     0.929 r  CLK100MHZ_IBUF_BUFG_inst/O
                         net (fo=26263, routed)       0.642     1.571    CLK100MHZ_IBUF_BUFG
    SLICE_X113Y46        FDRE                                         r  por_done_reg/C
  -------------------------------------------------------------------    -------------------
    SLICE_X113Y46        FDRE (Prop_fdre_C_Q)         0.141     1.712 r  por_done_reg/Q
                         net (fo=1690, routed)        0.347     2.059    u_fe/por_done
    SLICE_X111Y48        LUT1 (Prop_lut1_I0_O)        0.045     2.104 f  u_fe/FSM_sequential_mem_state[1]_i_1/O
                         net (fo=3702, routed)        0.294     2.399    u_fe/clear_prefetched_high_word2
    SLICE_X111Y50        FDCE                                         f  u_fe/word_cnt_reg[4]/CLR
  -------------------------------------------------------------------    -------------------

                         (clock CLK100MHZ rise edge)
                                                      0.000     0.000 r  <hidden>
    N18                                               0.000     0.000 r  CLK100MHZ
                         net (fo=0)                   0.000     0.000    CLK100MHZ
    N18                  IBUF (Prop_ibuf_I_O)         0.417     0.417 r  CLK100MHZ_IBUF_inst/O
                         net (fo=1, routed)           0.731     1.148    CLK100MHZ_IBUF
    BUFGCTRL_X0Y16       BUFG (Prop_bufg_I_O)         0.029     1.177 r  CLK100MHZ_IBUF_BUFG_inst/O
                         net (fo=26263, routed)       0.909     2.086    u_fe/CLK100MHZ_IBUF_BUFG
    SLICE_X111Y50        FDCE                                         r  u_fe/word_cnt_reg[4]/C
                         clock pessimism             -0.248     1.838    <hidden>
    SLICE_X111Y50        FDCE (Remov_fdce_C_CLR)     -0.092     1.746    u_fe/word_cnt_reg[4]
  -------------------------------------------------------------------
                         required time                         -1.746    <hidden>
                         arrival time                           2.399    <hidden>
  -------------------------------------------------------------------
                         slack                                  0.652    <hidden>





